[0.015s] Invoking command in '/home/vboxuser/bumperbot_ws/build/bumperbot_mapping': CMAKE_PREFIX_PATH=${CMAKE_PREFIX_PATH}:/opt/ros/jazzy DEBUGINFOD_URLS=https://debuginfod.ubuntu.com /usr/bin/cmake /home/vboxuser/bumperbot_ws/src/bumperbot_mapping -DCMAKE_INSTALL_PREFIX=/home/vboxuser/bumperbot_ws/install/bumperbot_mapping
[0.091s] -- The C compiler identification is GNU 13.3.0
[0.136s] -- The CXX compiler identification is GNU 13.3.0
[0.151s] -- Detecting C compiler ABI info
[0.253s] -- Detecting C compiler ABI info - done
[0.271s] -- Check for working C compiler: /usr/bin/cc - skipped
[0.272s] -- Detecting C compile features
[0.272s] -- Detecting C compile features - done
[0.284s] -- Detecting CXX compiler ABI info
[0.378s] -- Detecting CXX compiler ABI info - done
[0.384s] -- Check for working CXX compiler: /usr/bin/c++ - skipped
[0.384s] -- Detecting CXX compile features
[0.385s] -- Detecting CXX compile features - done
[0.387s] -- Found ament_cmake: 2.5.5 (/opt/ros/jazzy/share/ament_cmake/cmake)
[0.510s] -- Found Python3: /usr/bin/python3 (found version "3.12.3") found components: Interpreter 
[0.605s] -- Found rclcpp: 28.1.16 (/opt/ros/jazzy/share/rclcpp/cmake)
[0.648s] -- Found rosidl_generator_c: 4.6.7 (/opt/ros/jazzy/share/rosidl_generator_c/cmake)
[0.659s] -- Found rosidl_generator_cpp: 4.6.7 (/opt/ros/jazzy/share/rosidl_generator_cpp/cmake)
[0.693s] -- Using all available rosidl_typesupport_c: rosidl_typesupport_fastrtps_c;rosidl_typesupport_introspection_c
[0.697s] -- Using all available rosidl_typesupport_cpp: rosidl_typesupport_fastrtps_cpp;rosidl_typesupport_introspection_cpp
[0.769s] -- Found rmw_implementation_cmake: 7.3.3 (/opt/ros/jazzy/share/rmw_implementation_cmake/cmake)
[0.771s] -- Found rmw_fastrtps_cpp: 8.4.3 (/opt/ros/jazzy/share/rmw_fastrtps_cpp/cmake)
[0.868s] -- Found OpenSSL: /usr/lib/x86_64-linux-gnu/libcrypto.so (found version "3.0.13")  
[0.893s] -- Found FastRTPS: /opt/ros/jazzy/include (Required is at least version "2.13") 
[0.912s] -- Using RMW implementation 'rmw_fastrtps_cpp' as default
[0.969s] -- Found rclpy: 7.1.9 (/opt/ros/jazzy/share/rclpy/cmake)
[0.972s] -- Found sensor_msgs: 5.3.6 (/opt/ros/jazzy/share/sensor_msgs/cmake)
[1.054s] -- Found nav_msgs: 5.3.6 (/opt/ros/jazzy/share/nav_msgs/cmake)
[1.065s] -- Found tf2_ros: 0.36.19 (/opt/ros/jazzy/share/tf2_ros/cmake)
[1.360s] -- Configuring done (1.3s)
[1.371s] -- Generating done (0.0s)
[1.375s] -- Build files have been written to: /home/vboxuser/bumperbot_ws/build/bumperbot_mapping
[1.382s] Invoked command in '/home/vboxuser/bumperbot_ws/build/bumperbot_mapping' returned '0': CMAKE_PREFIX_PATH=${CMAKE_PREFIX_PATH}:/opt/ros/jazzy DEBUGINFOD_URLS=https://debuginfod.ubuntu.com /usr/bin/cmake /home/vboxuser/bumperbot_ws/src/bumperbot_mapping -DCMAKE_INSTALL_PREFIX=/home/vboxuser/bumperbot_ws/install/bumperbot_mapping
[1.382s] Invoking command in '/home/vboxuser/bumperbot_ws/build/bumperbot_mapping': CMAKE_PREFIX_PATH=${CMAKE_PREFIX_PATH}:/opt/ros/jazzy DEBUGINFOD_URLS=https://debuginfod.ubuntu.com /usr/bin/cmake --build /home/vboxuser/bumperbot_ws/build/bumperbot_mapping -- -j1 -l1
[1.456s] [ 50%] [32mBuilding CXX object CMakeFiles/mapping_with_known_poses.dir/src/mapping_with_known_poses.cpp.o[0m
[9.240s] [100%] [32m[1mLinking CXX executable mapping_with_known_poses[0m
[9.547s] [100%] Built target mapping_with_known_poses
[9.588s] [100%] Built target ament_cmake_python_copy_bumperbot_mapping
[9.759s] running egg_info
[9.760s] creating bumperbot_mapping.egg-info
[9.772s] writing bumperbot_mapping.egg-info/PKG-INFO
[9.772s] writing dependency_links to bumperbot_mapping.egg-info/dependency_links.txt
[9.772s] writing top-level names to bumperbot_mapping.egg-info/top_level.txt
[9.773s] writing manifest file 'bumperbot_mapping.egg-info/SOURCES.txt'
[9.828s] reading manifest file 'bumperbot_mapping.egg-info/SOURCES.txt'
[9.829s] writing manifest file 'bumperbot_mapping.egg-info/SOURCES.txt'
[9.852s] [100%] Built target ament_cmake_python_build_bumperbot_mapping_egg
[9.861s] Invoked command in '/home/vboxuser/bumperbot_ws/build/bumperbot_mapping' returned '0': CMAKE_PREFIX_PATH=${CMAKE_PREFIX_PATH}:/opt/ros/jazzy DEBUGINFOD_URLS=https://debuginfod.ubuntu.com /usr/bin/cmake --build /home/vboxuser/bumperbot_ws/build/bumperbot_mapping -- -j1 -l1
[9.862s] Invoking command in '/home/vboxuser/bumperbot_ws/build/bumperbot_mapping': CMAKE_PREFIX_PATH=${CMAKE_PREFIX_PATH}:/opt/ros/jazzy DEBUGINFOD_URLS=https://debuginfod.ubuntu.com /usr/bin/cmake --install /home/vboxuser/bumperbot_ws/build/bumperbot_mapping
[9.870s] -- Install configuration: ""
[9.870s] -- Installing: /home/vboxuser/bumperbot_ws/install/bumperbot_mapping/share/bumperbot_mapping/environment/pythonpath.sh
[9.871s] -- Installing: /home/vboxuser/bumperbot_ws/install/bumperbot_mapping/share/bumperbot_mapping/environment/pythonpath.dsv
[9.871s] -- Installing: /home/vboxuser/bumperbot_ws/install/bumperbot_mapping/lib/python3.12/site-packages/bumperbot_mapping-0.0.0-py3.12.egg-info
[9.871s] -- Installing: /home/vboxuser/bumperbot_ws/install/bumperbot_mapping/lib/python3.12/site-packages/bumperbot_mapping-0.0.0-py3.12.egg-info/dependency_links.txt
[9.871s] -- Installing: /home/vboxuser/bumperbot_ws/install/bumperbot_mapping/lib/python3.12/site-packages/bumperbot_mapping-0.0.0-py3.12.egg-info/PKG-INFO
[9.871s] -- Installing: /home/vboxuser/bumperbot_ws/install/bumperbot_mapping/lib/python3.12/site-packages/bumperbot_mapping-0.0.0-py3.12.egg-info/SOURCES.txt
[9.871s] -- Installing: /home/vboxuser/bumperbot_ws/install/bumperbot_mapping/lib/python3.12/site-packages/bumperbot_mapping-0.0.0-py3.12.egg-info/top_level.txt
[9.871s] -- Installing: /home/vboxuser/bumperbot_ws/install/bumperbot_mapping/lib/python3.12/site-packages/bumperbot_mapping
[9.872s] -- Installing: /home/vboxuser/bumperbot_ws/install/bumperbot_mapping/lib/python3.12/site-packages/bumperbot_mapping/__init__.py
[9.873s] -- Installing: /home/vboxuser/bumperbot_ws/install/bumperbot_mapping/lib/python3.12/site-packages/bumperbot_mapping/mapping_with_known_poses.py
[9.912s] Listing '/home/vboxuser/bumperbot_ws/install/bumperbot_mapping/lib/python3.12/site-packages/bumperbot_mapping'...
[9.912s] Compiling '/home/vboxuser/bumperbot_ws/install/bumperbot_mapping/lib/python3.12/site-packages/bumperbot_mapping/__init__.py'...
[9.912s] Compiling '/home/vboxuser/bumperbot_ws/install/bumperbot_mapping/lib/python3.12/site-packages/bumperbot_mapping/mapping_with_known_poses.py'...
[9.917s] -- Installing: /home/vboxuser/bumperbot_ws/install/bumperbot_mapping/include/include
[9.917s] -- Installing: /home/vboxuser/bumperbot_ws/install/bumperbot_mapping/include/include/bumperbot_mapping
[9.917s] -- Installing: /home/vboxuser/bumperbot_ws/install/bumperbot_mapping/include/include/bumperbot_mapping/mapping_with_known_poses.hpp
[9.917s] -- Installing: /home/vboxuser/bumperbot_ws/install/bumperbot_mapping/lib/bumperbot_mapping/mapping_with_known_poses
[9.920s] -- Set non-toolchain portion of runtime path of "/home/vboxuser/bumperbot_ws/install/bumperbot_mapping/lib/bumperbot_mapping/mapping_with_known_poses" to ""
[9.920s] -- Installing: /home/vboxuser/bumperbot_ws/install/bumperbot_mapping/share/bumperbot_mapping/config
[9.931s] -- Installing: /home/vboxuser/bumperbot_ws/install/bumperbot_mapping/share/bumperbot_mapping/config/slam_toolbox.yaml
[9.932s] -- Installing: /home/vboxuser/bumperbot_ws/install/bumperbot_mapping/share/bumperbot_mapping/launch
[9.933s] -- Installing: /home/vboxuser/bumperbot_ws/install/bumperbot_mapping/share/bumperbot_mapping/launch/slam.launch.py
[9.934s] -- Installing: /home/vboxuser/bumperbot_ws/install/bumperbot_mapping/share/bumperbot_mapping/maps
[9.934s] -- Installing: /home/vboxuser/bumperbot_ws/install/bumperbot_mapping/share/bumperbot_mapping/maps/small_house
[9.935s] -- Installing: /home/vboxuser/bumperbot_ws/install/bumperbot_mapping/share/bumperbot_mapping/maps/small_house/map.yaml
[9.935s] -- Installing: /home/vboxuser/bumperbot_ws/install/bumperbot_mapping/share/bumperbot_mapping/maps/small_house/map.pgm
[9.937s] -- Installing: /home/vboxuser/bumperbot_ws/install/bumperbot_mapping/share/bumperbot_mapping/maps/small_warehouse
[9.937s] -- Installing: /home/vboxuser/bumperbot_ws/install/bumperbot_mapping/share/bumperbot_mapping/maps/small_warehouse/map.yaml
[9.938s] -- Installing: /home/vboxuser/bumperbot_ws/install/bumperbot_mapping/share/bumperbot_mapping/maps/small_warehouse/map.pgm
[9.939s] -- Installing: /home/vboxuser/bumperbot_ws/install/bumperbot_mapping/share/bumperbot_mapping/rviz
[9.940s] -- Installing: /home/vboxuser/bumperbot_ws/install/bumperbot_mapping/share/bumperbot_mapping/rviz/slam.rviz
[9.940s] -- Installing: /home/vboxuser/bumperbot_ws/install/bumperbot_mapping/lib/bumperbot_mapping/mapping_with_known_poses.py
[9.940s] -- Installing: /home/vboxuser/bumperbot_ws/install/bumperbot_mapping/share/ament_index/resource_index/package_run_dependencies/bumperbot_mapping
[9.940s] -- Installing: /home/vboxuser/bumperbot_ws/install/bumperbot_mapping/share/ament_index/resource_index/parent_prefix_path/bumperbot_mapping
[9.941s] -- Installing: /home/vboxuser/bumperbot_ws/install/bumperbot_mapping/share/bumperbot_mapping/environment/ament_prefix_path.sh
[9.941s] -- Installing: /home/vboxuser/bumperbot_ws/install/bumperbot_mapping/share/bumperbot_mapping/environment/ament_prefix_path.dsv
[9.941s] -- Installing: /home/vboxuser/bumperbot_ws/install/bumperbot_mapping/share/bumperbot_mapping/environment/path.sh
[9.941s] -- Installing: /home/vboxuser/bumperbot_ws/install/bumperbot_mapping/share/bumperbot_mapping/environment/path.dsv
[9.941s] -- Installing: /home/vboxuser/bumperbot_ws/install/bumperbot_mapping/share/bumperbot_mapping/local_setup.bash
[9.941s] -- Installing: /home/vboxuser/bumperbot_ws/install/bumperbot_mapping/share/bumperbot_mapping/local_setup.sh
[9.941s] -- Installing: /home/vboxuser/bumperbot_ws/install/bumperbot_mapping/share/bumperbot_mapping/local_setup.zsh
[9.942s] -- Installing: /home/vboxuser/bumperbot_ws/install/bumperbot_mapping/share/bumperbot_mapping/local_setup.dsv
[9.942s] -- Installing: /home/vboxuser/bumperbot_ws/install/bumperbot_mapping/share/bumperbot_mapping/package.dsv
[9.942s] -- Installing: /home/vboxuser/bumperbot_ws/install/bumperbot_mapping/share/ament_index/resource_index/packages/bumperbot_mapping
[9.942s] -- Installing: /home/vboxuser/bumperbot_ws/install/bumperbot_mapping/share/bumperbot_mapping/cmake/bumperbot_mappingConfig.cmake
[9.943s] -- Installing: /home/vboxuser/bumperbot_ws/install/bumperbot_mapping/share/bumperbot_mapping/cmake/bumperbot_mappingConfig-version.cmake
[9.943s] -- Installing: /home/vboxuser/bumperbot_ws/install/bumperbot_mapping/share/bumperbot_mapping/package.xml
[9.944s] Invoked command in '/home/vboxuser/bumperbot_ws/build/bumperbot_mapping' returned '0': CMAKE_PREFIX_PATH=${CMAKE_PREFIX_PATH}:/opt/ros/jazzy DEBUGINFOD_URLS=https://debuginfod.ubuntu.com /usr/bin/cmake --install /home/vboxuser/bumperbot_ws/build/bumperbot_mapping
