[0.045s] Invoking command in '/home/vboxuser/bumperbot_ws/build/bumperbot_controller': CMAKE_PREFIX_PATH=${CMAKE_PREFIX_PATH}:/opt/ros/jazzy DEBUGINFOD_URLS=https://debuginfod.ubuntu.com /usr/bin/cmake --build /home/vboxuser/bumperbot_ws/build/bumperbot_controller -- -j7 -l7
[0.283s] [  0%] Built target ament_cmake_python_copy_bumperbot_controller
[0.451s] [ 33%] Built target twist_relay
[0.473s] [ 66%] Built target simple_controller
[0.489s] [100%] Built target noisy_controller
[0.629s] running egg_info
[0.646s] writing bumperbot_controller.egg-info/PKG-INFO
[0.647s] writing dependency_links to bumperbot_controller.egg-info/dependency_links.txt
[0.647s] writing top-level names to bumperbot_controller.egg-info/top_level.txt
[0.710s] reading manifest file 'bumperbot_controller.egg-info/SOURCES.txt'
[0.712s] writing manifest file 'bumperbot_controller.egg-info/SOURCES.txt'
[0.746s] [100%] Built target ament_cmake_python_build_bumperbot_controller_egg
[0.787s] Invoked command in '/home/vboxuser/bumperbot_ws/build/bumperbot_controller' returned '0': CMAKE_PREFIX_PATH=${CMAKE_PREFIX_PATH}:/opt/ros/jazzy DEBUGINFOD_URLS=https://debuginfod.ubuntu.com /usr/bin/cmake --build /home/vboxuser/bumperbot_ws/build/bumperbot_controller -- -j7 -l7
[0.794s] Invoking command in '/home/vboxuser/bumperbot_ws/build/bumperbot_controller': CMAKE_PREFIX_PATH=${CMAKE_PREFIX_PATH}:/opt/ros/jazzy DEBUGINFOD_URLS=https://debuginfod.ubuntu.com /usr/bin/cmake --install /home/vboxuser/bumperbot_ws/build/bumperbot_controller
[0.829s] -- Install configuration: ""
[0.829s] -- Up-to-date: /home/vboxuser/bumperbot_ws/install/bumperbot_controller/share/bumperbot_controller/environment/pythonpath.sh
[0.829s] -- Up-to-date: /home/vboxuser/bumperbot_ws/install/bumperbot_controller/share/bumperbot_controller/environment/pythonpath.dsv
[0.829s] -- Up-to-date: /home/vboxuser/bumperbot_ws/install/bumperbot_controller/lib/python3.12/site-packages/bumperbot_controller-0.0.0-py3.12.egg-info
[0.829s] -- Installing: /home/vboxuser/bumperbot_ws/install/bumperbot_controller/lib/python3.12/site-packages/bumperbot_controller-0.0.0-py3.12.egg-info/dependency_links.txt
[0.830s] -- Installing: /home/vboxuser/bumperbot_ws/install/bumperbot_controller/lib/python3.12/site-packages/bumperbot_controller-0.0.0-py3.12.egg-info/PKG-INFO
[0.830s] -- Installing: /home/vboxuser/bumperbot_ws/install/bumperbot_controller/lib/python3.12/site-packages/bumperbot_controller-0.0.0-py3.12.egg-info/SOURCES.txt
[0.830s] -- Installing: /home/vboxuser/bumperbot_ws/install/bumperbot_controller/lib/python3.12/site-packages/bumperbot_controller-0.0.0-py3.12.egg-info/top_level.txt
[0.830s] -- Up-to-date: /home/vboxuser/bumperbot_ws/install/bumperbot_controller/lib/python3.12/site-packages/bumperbot_controller
[0.830s] -- Up-to-date: /home/vboxuser/bumperbot_ws/install/bumperbot_controller/lib/python3.12/site-packages/bumperbot_controller/__init__.py
[0.830s] -- Up-to-date: /home/vboxuser/bumperbot_ws/install/bumperbot_controller/lib/python3.12/site-packages/bumperbot_controller/noisy_controller.py
[0.830s] -- Up-to-date: /home/vboxuser/bumperbot_ws/install/bumperbot_controller/lib/python3.12/site-packages/bumperbot_controller/simple_controller.py
[0.830s] -- Up-to-date: /home/vboxuser/bumperbot_ws/install/bumperbot_controller/lib/python3.12/site-packages/bumperbot_controller/twist_relay.py
[0.877s] Listing '/home/vboxuser/bumperbot_ws/install/bumperbot_controller/lib/python3.12/site-packages/bumperbot_controller'...
[0.880s] -- Up-to-date: /home/vboxuser/bumperbot_ws/install/bumperbot_controller/include/include
[0.880s] -- Up-to-date: /home/vboxuser/bumperbot_ws/install/bumperbot_controller/include/include/bumperbot_controller
[0.882s] -- Up-to-date: /home/vboxuser/bumperbot_ws/install/bumperbot_controller/include/include/bumperbot_controller/noisy_controller.hpp
[0.882s] -- Up-to-date: /home/vboxuser/bumperbot_ws/install/bumperbot_controller/include/include/bumperbot_controller/simple_controller.hpp
[0.884s] -- Up-to-date: /home/vboxuser/bumperbot_ws/install/bumperbot_controller/lib/bumperbot_controller/simple_controller
[0.886s] -- Up-to-date: /home/vboxuser/bumperbot_ws/install/bumperbot_controller/lib/bumperbot_controller/noisy_controller
[0.898s] -- Up-to-date: /home/vboxuser/bumperbot_ws/install/bumperbot_controller/lib/bumperbot_controller/twist_relay
[0.898s] -- Up-to-date: /home/vboxuser/bumperbot_ws/install/bumperbot_controller/share/bumperbot_controller/launch
[0.900s] -- Up-to-date: /home/vboxuser/bumperbot_ws/install/bumperbot_controller/share/bumperbot_controller/launch/joystick_teleop.launch.py
[0.900s] -- Up-to-date: /home/vboxuser/bumperbot_ws/install/bumperbot_controller/share/bumperbot_controller/launch/controller.launch.py
[0.900s] -- Up-to-date: /home/vboxuser/bumperbot_ws/install/bumperbot_controller/share/bumperbot_controller/config
[0.905s] -- Up-to-date: /home/vboxuser/bumperbot_ws/install/bumperbot_controller/share/bumperbot_controller/config/bumperbot_controllers.yaml
[0.905s] -- Up-to-date: /home/vboxuser/bumperbot_ws/install/bumperbot_controller/share/bumperbot_controller/config/twist_mux_joy.yaml
[0.906s] -- Up-to-date: /home/vboxuser/bumperbot_ws/install/bumperbot_controller/share/bumperbot_controller/config/joy_config.yaml
[0.907s] -- Up-to-date: /home/vboxuser/bumperbot_ws/install/bumperbot_controller/share/bumperbot_controller/config/twist_mux_topics.yaml
[0.912s] -- Up-to-date: /home/vboxuser/bumperbot_ws/install/bumperbot_controller/share/bumperbot_controller/config/joy_teleop.yaml
[0.912s] -- Up-to-date: /home/vboxuser/bumperbot_ws/install/bumperbot_controller/share/bumperbot_controller/config/twist_mux_locks.yaml
[0.923s] -- Up-to-date: /home/vboxuser/bumperbot_ws/install/bumperbot_controller/lib/bumperbot_controller/simple_controller.py
[0.924s] -- Up-to-date: /home/vboxuser/bumperbot_ws/install/bumperbot_controller/lib/bumperbot_controller/noisy_controller.py
[0.925s] -- Up-to-date: /home/vboxuser/bumperbot_ws/install/bumperbot_controller/lib/bumperbot_controller/twist_relay.py
[0.925s] -- Up-to-date: /home/vboxuser/bumperbot_ws/install/bumperbot_controller/share/ament_index/resource_index/package_run_dependencies/bumperbot_controller
[0.925s] -- Up-to-date: /home/vboxuser/bumperbot_ws/install/bumperbot_controller/share/ament_index/resource_index/parent_prefix_path/bumperbot_controller
[0.926s] -- Up-to-date: /home/vboxuser/bumperbot_ws/install/bumperbot_controller/share/bumperbot_controller/environment/ament_prefix_path.sh
[0.928s] -- Up-to-date: /home/vboxuser/bumperbot_ws/install/bumperbot_controller/share/bumperbot_controller/environment/ament_prefix_path.dsv
[0.928s] -- Up-to-date: /home/vboxuser/bumperbot_ws/install/bumperbot_controller/share/bumperbot_controller/environment/path.sh
[0.928s] -- Up-to-date: /home/vboxuser/bumperbot_ws/install/bumperbot_controller/share/bumperbot_controller/environment/path.dsv
[0.928s] -- Up-to-date: /home/vboxuser/bumperbot_ws/install/bumperbot_controller/share/bumperbot_controller/local_setup.bash
[0.928s] -- Up-to-date: /home/vboxuser/bumperbot_ws/install/bumperbot_controller/share/bumperbot_controller/local_setup.sh
[0.928s] -- Up-to-date: /home/vboxuser/bumperbot_ws/install/bumperbot_controller/share/bumperbot_controller/local_setup.zsh
[0.928s] -- Up-to-date: /home/vboxuser/bumperbot_ws/install/bumperbot_controller/share/bumperbot_controller/local_setup.dsv
[0.928s] -- Installing: /home/vboxuser/bumperbot_ws/install/bumperbot_controller/share/bumperbot_controller/package.dsv
[0.933s] -- Up-to-date: /home/vboxuser/bumperbot_ws/install/bumperbot_controller/share/ament_index/resource_index/packages/bumperbot_controller
[0.933s] -- Up-to-date: /home/vboxuser/bumperbot_ws/install/bumperbot_controller/share/bumperbot_controller/cmake/bumperbot_controllerConfig.cmake
[0.933s] -- Up-to-date: /home/vboxuser/bumperbot_ws/install/bumperbot_controller/share/bumperbot_controller/cmake/bumperbot_controllerConfig-version.cmake
[0.933s] -- Up-to-date: /home/vboxuser/bumperbot_ws/install/bumperbot_controller/share/bumperbot_controller/package.xml
[0.957s] Invoked command in '/home/vboxuser/bumperbot_ws/build/bumperbot_controller' returned '0': CMAKE_PREFIX_PATH=${CMAKE_PREFIX_PATH}:/opt/ros/jazzy DEBUGINFOD_URLS=https://debuginfod.ubuntu.com /usr/bin/cmake --install /home/vboxuser/bumperbot_ws/build/bumperbot_controller
