[  3%] [32mBuilding CXX object CMakeFiles/simple_publisher.dir/src/simple_publisher.cpp.o[0m
[  7%] [32mBuilding CXX object CMakeFiles/simple_service_server.dir/src/simple_service_server.cpp.o[0m
[ 10%] [32mBuilding CXX object CMakeFiles/simple_parameter.dir/src/simple_parameter.cpp.o[0m
[ 14%] [32mBuilding CXX object CMakeFiles/simple_service_client.dir/src/simple_service_client.cpp.o[0m
[ 17%] [32mBuilding CXX object CMakeFiles/simple_subscriber.dir/src/simple_subscriber.cpp.o[0m
[ 21%] [32mBuilding CXX object CMakeFiles/simple_turtlesim_kinematics.dir/src/simple_turtlesim_kinematics.cpp.o[0m
[ 25%] [32m[1mLinking CXX executable simple_parameter[0m
[ 25%] Built target simple_parameter
[ 28%] [32mBuilding CXX object CMakeFiles/simple_tf_kinematics.dir/src/simple_tf_kinematics.cpp.o[0m
[ 32%] [32m[1mLinking CXX executable simple_service_server[0m
/home/vboxuser/bumperbot_ws/install/bumperbot_msgs/lib/libbumperbot_msgs__rosidl_typesupport_cpp.so: file not recognized: file format not recognized
collect2: error: ld returned 1 exit status
gmake[2]: *** [CMakeFiles/simple_service_server.dir/build.make:199: simple_service_server] Error 1
gmake[1]: *** [CMakeFiles/Makefile2:267: CMakeFiles/simple_service_server.dir/all] Error 2
gmake[1]: *** Waiting for unfinished jobs....
[ 35%] [32m[1mLinking CXX executable simple_service_client[0m
/home/vboxuser/bumperbot_ws/install/bumperbot_msgs/lib/libbumperbot_msgs__rosidl_typesupport_cpp.so: file not recognized: file format not recognized
collect2: error: ld returned 1 exit status
gmake[2]: *** [CMakeFiles/simple_service_client.dir/build.make:199: simple_service_client] Error 1
gmake[1]: *** [CMakeFiles/Makefile2:293: CMakeFiles/simple_service_client.dir/all] Error 2
[ 39%] [32m[1mLinking CXX executable simple_publisher[0m
[ 39%] Built target simple_publisher
[ 42%] [32m[1mLinking CXX executable simple_subscriber[0m
[ 42%] Built target simple_subscriber
[ 46%] [32m[1mLinking CXX executable simple_turtlesim_kinematics[0m
[ 46%] Built target simple_turtlesim_kinematics
[ 50%] [32m[1mLinking CXX executable simple_tf_kinematics[0m
/home/vboxuser/bumperbot_ws/install/bumperbot_msgs/lib/libbumperbot_msgs__rosidl_typesupport_cpp.so: file not recognized: file format not recognized
collect2: error: ld returned 1 exit status
gmake[2]: *** [CMakeFiles/simple_tf_kinematics.dir/build.make:216: simple_tf_kinematics] Error 1
gmake[1]: *** [CMakeFiles/Makefile2:319: CMakeFiles/simple_tf_kinematics.dir/all] Error 2
gmake: *** [Makefile:146: all] Error 2
