[0.061s] Invoking command in '/home/vboxuser/bumperbot_ws/build/bumperbot_cpp_examples': AMENT_PREFIX_PATH=/home/vboxuser/bumperbot_ws/install/bumperbot_msgs:${AMENT_PREFIX_PATH} CMAKE_PREFIX_PATH=/home/vboxuser/bumperbot_ws/install/bumperbot_msgs:/opt/ros/jazzy/opt/gz_sim_vendor:/opt/ros/jazzy/opt/gz_sensors_vendor:/opt/ros/jazzy/opt/gz_physics_vendor:/opt/ros/jazzy/opt/sdformat_vendor:/opt/ros/jazzy/opt/gz_gui_vendor:/opt/ros/jazzy/opt/gz_transport_vendor:/opt/ros/jazzy/opt/gz_rendering_vendor:/opt/ros/jazzy/opt/gz_plugin_vendor:/opt/ros/jazzy/opt/gz_fuel_tools_vendor:/opt/ros/jazzy/opt/gz_msgs_vendor:/opt/ros/jazzy/opt/gz_common_vendor:/opt/ros/jazzy/opt/gz_math_vendor:/opt/ros/jazzy/opt/gz_utils_vendor:/opt/ros/jazzy/opt/gz_tools_vendor:/opt/ros/jazzy/opt/gz_ogre_next_vendor:/opt/ros/jazzy/opt/gz_dartsim_vendor:/opt/ros/jazzy/opt/gz_cmake_vendor:/opt/ros/jazzy DEBUGINFOD_URLS=https://debuginfod.ubuntu.com LD_LIBRARY_PATH=/home/vboxuser/bumperbot_ws/install/bumperbot_msgs/lib:${LD_LIBRARY_PATH} PYTHONPATH=/home/vboxuser/bumperbot_ws/install/bumperbot_msgs/lib/python3.12/site-packages:${PYTHONPATH} /usr/bin/cmake --build /home/vboxuser/bumperbot_ws/build/bumperbot_cpp_examples -- -j6 -l6
[10.629s] [  3%] [32mBuilding CXX object CMakeFiles/simple_publisher.dir/src/simple_publisher.cpp.o[0m
[10.629s] [  7%] [32mBuilding CXX object CMakeFiles/simple_service_server.dir/src/simple_service_server.cpp.o[0m
[10.629s] [ 10%] [32mBuilding CXX object CMakeFiles/simple_parameter.dir/src/simple_parameter.cpp.o[0m
[10.629s] [ 14%] [32mBuilding CXX object CMakeFiles/simple_service_client.dir/src/simple_service_client.cpp.o[0m
[10.629s] [ 17%] [32mBuilding CXX object CMakeFiles/simple_subscriber.dir/src/simple_subscriber.cpp.o[0m
[10.629s] [ 21%] [32mBuilding CXX object CMakeFiles/simple_turtlesim_kinematics.dir/src/simple_turtlesim_kinematics.cpp.o[0m
[10.629s] [ 25%] [32m[1mLinking CXX executable simple_parameter[0m
[10.630s] [ 25%] Built target simple_parameter
[10.630s] [ 28%] [32mBuilding CXX object CMakeFiles/simple_tf_kinematics.dir/src/simple_tf_kinematics.cpp.o[0m
[10.916s] [ 32%] [32m[1mLinking CXX executable simple_service_server[0m
[11.049s] /home/vboxuser/bumperbot_ws/install/bumperbot_msgs/lib/libbumperbot_msgs__rosidl_typesupport_cpp.so: file not recognized: file format not recognized
[11.052s] collect2: error: ld returned 1 exit status
[11.064s] gmake[2]: *** [CMakeFiles/simple_service_server.dir/build.make:199: simple_service_server] Error 1
[11.064s] gmake[1]: *** [CMakeFiles/Makefile2:267: CMakeFiles/simple_service_server.dir/all] Error 2
[11.064s] gmake[1]: *** Waiting for unfinished jobs....
[11.575s] [ 35%] [32m[1mLinking CXX executable simple_service_client[0m
[11.735s] /home/vboxuser/bumperbot_ws/install/bumperbot_msgs/lib/libbumperbot_msgs__rosidl_typesupport_cpp.so: file not recognized: file format not recognized
[11.735s] collect2: error: ld returned 1 exit status
[11.739s] gmake[2]: *** [CMakeFiles/simple_service_client.dir/build.make:199: simple_service_client] Error 1
[11.739s] gmake[1]: *** [CMakeFiles/Makefile2:293: CMakeFiles/simple_service_client.dir/all] Error 2
[12.724s] [ 39%] [32m[1mLinking CXX executable simple_publisher[0m
[13.163s] [ 39%] Built target simple_publisher
[13.550s] [ 42%] [32m[1mLinking CXX executable simple_subscriber[0m
[13.991s] [ 42%] Built target simple_subscriber
[15.271s] [ 46%] [32m[1mLinking CXX executable simple_turtlesim_kinematics[0m
[15.517s] [ 46%] Built target simple_turtlesim_kinematics
[16.021s] [ 50%] [32m[1mLinking CXX executable simple_tf_kinematics[0m
[16.056s] /home/vboxuser/bumperbot_ws/install/bumperbot_msgs/lib/libbumperbot_msgs__rosidl_typesupport_cpp.so: file not recognized: file format not recognized
[16.058s] collect2: error: ld returned 1 exit status
[16.065s] gmake[2]: *** [CMakeFiles/simple_tf_kinematics.dir/build.make:216: simple_tf_kinematics] Error 1
[16.069s] gmake[1]: *** [CMakeFiles/Makefile2:319: CMakeFiles/simple_tf_kinematics.dir/all] Error 2
[16.069s] gmake: *** [Makefile:146: all] Error 2
