[0.033s] Invoking command in '/home/vboxuser/bumperbot_ws/build/bumperbot_localization': CMAKE_PREFIX_PATH=${CMAKE_PREFIX_PATH}:/opt/ros/jazzy DEBUGINFOD_URLS=https://debuginfod.ubuntu.com /usr/bin/cmake --build /home/vboxuser/bumperbot_ws/build/bumperbot_localization -- -j6 -l6
[0.229s] [ 33%] Built target odometry_motion_model
[0.229s] [ 66%] Built target kalman_filter
[0.238s] [100%] Built target imu_republisher
[0.247s] [100%] Built target ament_cmake_python_copy_bumperbot_localization
[0.520s] running egg_info
[0.533s] writing bumperbot_localization.egg-info/PKG-INFO
[0.533s] writing dependency_links to bumperbot_localization.egg-info/dependency_links.txt
[0.534s] writing top-level names to bumperbot_localization.egg-info/top_level.txt
[0.596s] reading manifest file 'bumperbot_localization.egg-info/SOURCES.txt'
[0.599s] writing manifest file 'bumperbot_localization.egg-info/SOURCES.txt'
[0.671s] [100%] Built target ament_cmake_python_build_bumperbot_localization_egg
[0.699s] Invoked command in '/home/vboxuser/bumperbot_ws/build/bumperbot_localization' returned '0': CMAKE_PREFIX_PATH=${CMAKE_PREFIX_PATH}:/opt/ros/jazzy DEBUGINFOD_URLS=https://debuginfod.ubuntu.com /usr/bin/cmake --build /home/vboxuser/bumperbot_ws/build/bumperbot_localization -- -j6 -l6
[0.745s] Invoking command in '/home/vboxuser/bumperbot_ws/build/bumperbot_localization': CMAKE_PREFIX_PATH=${CMAKE_PREFIX_PATH}:/opt/ros/jazzy DEBUGINFOD_URLS=https://debuginfod.ubuntu.com /usr/bin/cmake --install /home/vboxuser/bumperbot_ws/build/bumperbot_localization
[0.757s] -- Install configuration: ""
[0.757s] -- Up-to-date: /home/vboxuser/bumperbot_ws/install/bumperbot_localization/share/bumperbot_localization/environment/pythonpath.sh
[0.757s] -- Up-to-date: /home/vboxuser/bumperbot_ws/install/bumperbot_localization/share/bumperbot_localization/environment/pythonpath.dsv
[0.757s] -- Up-to-date: /home/vboxuser/bumperbot_ws/install/bumperbot_localization/lib/python3.12/site-packages/bumperbot_localization-0.0.0-py3.12.egg-info
[0.757s] -- Installing: /home/vboxuser/bumperbot_ws/install/bumperbot_localization/lib/python3.12/site-packages/bumperbot_localization-0.0.0-py3.12.egg-info/dependency_links.txt
[0.757s] -- Installing: /home/vboxuser/bumperbot_ws/install/bumperbot_localization/lib/python3.12/site-packages/bumperbot_localization-0.0.0-py3.12.egg-info/PKG-INFO
[0.758s] -- Installing: /home/vboxuser/bumperbot_ws/install/bumperbot_localization/lib/python3.12/site-packages/bumperbot_localization-0.0.0-py3.12.egg-info/SOURCES.txt
[0.758s] -- Installing: /home/vboxuser/bumperbot_ws/install/bumperbot_localization/lib/python3.12/site-packages/bumperbot_localization-0.0.0-py3.12.egg-info/top_level.txt
[0.758s] -- Up-to-date: /home/vboxuser/bumperbot_ws/install/bumperbot_localization/lib/python3.12/site-packages/bumperbot_localization
[0.758s] -- Up-to-date: /home/vboxuser/bumperbot_ws/install/bumperbot_localization/lib/python3.12/site-packages/bumperbot_localization/kalman_filter.py
[0.760s] -- Up-to-date: /home/vboxuser/bumperbot_ws/install/bumperbot_localization/lib/python3.12/site-packages/bumperbot_localization/__init__.py
[0.760s] -- Up-to-date: /home/vboxuser/bumperbot_ws/install/bumperbot_localization/lib/python3.12/site-packages/bumperbot_localization/imu_republisher.py
[0.760s] -- Up-to-date: /home/vboxuser/bumperbot_ws/install/bumperbot_localization/lib/python3.12/site-packages/bumperbot_localization/odometry_motion_model.py
[0.783s] Listing '/home/vboxuser/bumperbot_ws/install/bumperbot_localization/lib/python3.12/site-packages/bumperbot_localization'...
[0.784s] -- Up-to-date: /home/vboxuser/bumperbot_ws/install/bumperbot_localization/include/include
[0.784s] -- Up-to-date: /home/vboxuser/bumperbot_ws/install/bumperbot_localization/include/include/bumperbot_localization
[0.789s] -- Up-to-date: /home/vboxuser/bumperbot_ws/install/bumperbot_localization/include/include/bumperbot_localization/kalman_filter.hpp
[0.789s] -- Up-to-date: /home/vboxuser/bumperbot_ws/install/bumperbot_localization/include/include/bumperbot_localization/odometry_motion_model.hpp
[0.791s] -- Up-to-date: /home/vboxuser/bumperbot_ws/install/bumperbot_localization/bin/odometry_motion_model
[0.794s] -- Up-to-date: /home/vboxuser/bumperbot_ws/install/bumperbot_localization/lib/bumperbot_localization/kalman_filter
[0.801s] -- Up-to-date: /home/vboxuser/bumperbot_ws/install/bumperbot_localization/lib/bumperbot_localization/imu_republisher
[0.801s] -- Up-to-date: /home/vboxuser/bumperbot_ws/install/bumperbot_localization/lib/bumperbot_localization/odometry_motion_model
[0.801s] -- Up-to-date: /home/vboxuser/bumperbot_ws/install/bumperbot_localization/share/bumperbot_localization/launch
[0.802s] -- Up-to-date: /home/vboxuser/bumperbot_ws/install/bumperbot_localization/share/bumperbot_localization/launch/global_localization.launch.py
[0.802s] -- Up-to-date: /home/vboxuser/bumperbot_ws/install/bumperbot_localization/share/bumperbot_localization/launch/local_localization.launch.py
[0.803s] -- Up-to-date: /home/vboxuser/bumperbot_ws/install/bumperbot_localization/share/bumperbot_localization/config
[0.805s] -- Up-to-date: /home/vboxuser/bumperbot_ws/install/bumperbot_localization/share/bumperbot_localization/config/odometry_motion_model.rviz
[0.805s] -- Up-to-date: /home/vboxuser/bumperbot_ws/install/bumperbot_localization/share/bumperbot_localization/config/amcl.yaml
[0.805s] -- Up-to-date: /home/vboxuser/bumperbot_ws/install/bumperbot_localization/share/bumperbot_localization/config/ekf.yaml
[0.805s] -- Up-to-date: /home/vboxuser/bumperbot_ws/install/bumperbot_localization/share/bumperbot_localization/rviz
[0.805s] -- Up-to-date: /home/vboxuser/bumperbot_ws/install/bumperbot_localization/share/bumperbot_localization/rviz/global_localization.rviz
[0.806s] -- Up-to-date: /home/vboxuser/bumperbot_ws/install/bumperbot_localization/lib/bumperbot_localization/kalman_filter.py
[0.806s] -- Up-to-date: /home/vboxuser/bumperbot_ws/install/bumperbot_localization/lib/bumperbot_localization/imu_republisher.py
[0.806s] -- Up-to-date: /home/vboxuser/bumperbot_ws/install/bumperbot_localization/lib/bumperbot_localization/odometry_motion_model.py
[0.807s] -- Up-to-date: /home/vboxuser/bumperbot_ws/install/bumperbot_localization/share/ament_index/resource_index/package_run_dependencies/bumperbot_localization
[0.809s] -- Up-to-date: /home/vboxuser/bumperbot_ws/install/bumperbot_localization/share/ament_index/resource_index/parent_prefix_path/bumperbot_localization
[0.809s] -- Up-to-date: /home/vboxuser/bumperbot_ws/install/bumperbot_localization/share/bumperbot_localization/environment/ament_prefix_path.sh
[0.810s] -- Up-to-date: /home/vboxuser/bumperbot_ws/install/bumperbot_localization/share/bumperbot_localization/environment/ament_prefix_path.dsv
[0.810s] -- Up-to-date: /home/vboxuser/bumperbot_ws/install/bumperbot_localization/share/bumperbot_localization/environment/path.sh
[0.810s] -- Up-to-date: /home/vboxuser/bumperbot_ws/install/bumperbot_localization/share/bumperbot_localization/environment/path.dsv
[0.810s] -- Up-to-date: /home/vboxuser/bumperbot_ws/install/bumperbot_localization/share/bumperbot_localization/local_setup.bash
[0.810s] -- Up-to-date: /home/vboxuser/bumperbot_ws/install/bumperbot_localization/share/bumperbot_localization/local_setup.sh
[0.810s] -- Up-to-date: /home/vboxuser/bumperbot_ws/install/bumperbot_localization/share/bumperbot_localization/local_setup.zsh
[0.810s] -- Up-to-date: /home/vboxuser/bumperbot_ws/install/bumperbot_localization/share/bumperbot_localization/local_setup.dsv
[0.810s] -- Installing: /home/vboxuser/bumperbot_ws/install/bumperbot_localization/share/bumperbot_localization/package.dsv
[0.816s] -- Up-to-date: /home/vboxuser/bumperbot_ws/install/bumperbot_localization/share/ament_index/resource_index/packages/bumperbot_localization
[0.816s] -- Up-to-date: /home/vboxuser/bumperbot_ws/install/bumperbot_localization/share/bumperbot_localization/cmake/bumperbot_localizationConfig.cmake
[0.817s] -- Up-to-date: /home/vboxuser/bumperbot_ws/install/bumperbot_localization/share/bumperbot_localization/cmake/bumperbot_localizationConfig-version.cmake
[0.817s] -- Up-to-date: /home/vboxuser/bumperbot_ws/install/bumperbot_localization/share/bumperbot_localization/package.xml
[0.911s] Invoked command in '/home/vboxuser/bumperbot_ws/build/bumperbot_localization' returned '0': CMAKE_PREFIX_PATH=${CMAKE_PREFIX_PATH}:/opt/ros/jazzy DEBUGINFOD_URLS=https://debuginfod.ubuntu.com /usr/bin/cmake --install /home/vboxuser/bumperbot_ws/build/bumperbot_localization
