[0.036s] Invoking command in '/home/vboxuser/bumperbot_ws/build/bumperbot_controller': CMAKE_PREFIX_PATH=${CMAKE_PREFIX_PATH}:/opt/ros/jazzy DEBUGINFOD_URLS=https://debuginfod.ubuntu.com /usr/bin/cmake --build /home/vboxuser/bumperbot_ws/build/bumperbot_controller -- -j4 -l4
[0.307s] [  0%] Built target ament_cmake_python_copy_bumperbot_controller
[0.367s] [ 33%] Built target noisy_controller
[0.370s] [ 66%] Built target twist_relay
[0.370s] [100%] Built target simple_controller
[1.298s] running egg_info
[1.325s] writing bumperbot_controller.egg-info/PKG-INFO
[1.325s] writing dependency_links to bumperbot_controller.egg-info/dependency_links.txt
[1.325s] writing top-level names to bumperbot_controller.egg-info/top_level.txt
[1.522s] reading manifest file 'bumperbot_controller.egg-info/SOURCES.txt'
[1.574s] writing manifest file 'bumperbot_controller.egg-info/SOURCES.txt'
[1.669s] [100%] Built target ament_cmake_python_build_bumperbot_controller_egg
[1.707s] Invoked command in '/home/vboxuser/bumperbot_ws/build/bumperbot_controller' returned '0': CMAKE_PREFIX_PATH=${CMAKE_PREFIX_PATH}:/opt/ros/jazzy DEBUGINFOD_URLS=https://debuginfod.ubuntu.com /usr/bin/cmake --build /home/vboxuser/bumperbot_ws/build/bumperbot_controller -- -j4 -l4
[1.716s] Invoking command in '/home/vboxuser/bumperbot_ws/build/bumperbot_controller': CMAKE_PREFIX_PATH=${CMAKE_PREFIX_PATH}:/opt/ros/jazzy DEBUGINFOD_URLS=https://debuginfod.ubuntu.com /usr/bin/cmake --install /home/vboxuser/bumperbot_ws/build/bumperbot_controller
[1.852s] -- Install configuration: ""
[1.852s] -- Up-to-date: /home/vboxuser/bumperbot_ws/install/bumperbot_controller/share/bumperbot_controller/environment/pythonpath.sh
[1.853s] -- Up-to-date: /home/vboxuser/bumperbot_ws/install/bumperbot_controller/share/bumperbot_controller/environment/pythonpath.dsv
[1.856s] -- Up-to-date: /home/vboxuser/bumperbot_ws/install/bumperbot_controller/lib/python3.12/site-packages/bumperbot_controller-0.0.0-py3.12.egg-info
[1.857s] -- Installing: /home/vboxuser/bumperbot_ws/install/bumperbot_controller/lib/python3.12/site-packages/bumperbot_controller-0.0.0-py3.12.egg-info/dependency_links.txt
[1.857s] -- Installing: /home/vboxuser/bumperbot_ws/install/bumperbot_controller/lib/python3.12/site-packages/bumperbot_controller-0.0.0-py3.12.egg-info/PKG-INFO
[1.857s] -- Installing: /home/vboxuser/bumperbot_ws/install/bumperbot_controller/lib/python3.12/site-packages/bumperbot_controller-0.0.0-py3.12.egg-info/SOURCES.txt
[1.857s] -- Installing: /home/vboxuser/bumperbot_ws/install/bumperbot_controller/lib/python3.12/site-packages/bumperbot_controller-0.0.0-py3.12.egg-info/top_level.txt
[1.858s] -- Up-to-date: /home/vboxuser/bumperbot_ws/install/bumperbot_controller/lib/python3.12/site-packages/bumperbot_controller
[1.858s] -- Up-to-date: /home/vboxuser/bumperbot_ws/install/bumperbot_controller/lib/python3.12/site-packages/bumperbot_controller/__init__.py
[1.858s] -- Up-to-date: /home/vboxuser/bumperbot_ws/install/bumperbot_controller/lib/python3.12/site-packages/bumperbot_controller/noisy_controller.py
[1.858s] -- Up-to-date: /home/vboxuser/bumperbot_ws/install/bumperbot_controller/lib/python3.12/site-packages/bumperbot_controller/simple_controller.py
[1.858s] -- Up-to-date: /home/vboxuser/bumperbot_ws/install/bumperbot_controller/lib/python3.12/site-packages/bumperbot_controller/twist_relay.py
[1.858s] Listing '/home/vboxuser/bumperbot_ws/install/bumperbot_controller/lib/python3.12/site-packages/bumperbot_controller'...
[1.858s] -- Up-to-date: /home/vboxuser/bumperbot_ws/install/bumperbot_controller/include/include
[1.858s] -- Up-to-date: /home/vboxuser/bumperbot_ws/install/bumperbot_controller/include/include/bumperbot_controller
[1.858s] -- Up-to-date: /home/vboxuser/bumperbot_ws/install/bumperbot_controller/include/include/bumperbot_controller/noisy_controller.hpp
[1.858s] -- Up-to-date: /home/vboxuser/bumperbot_ws/install/bumperbot_controller/include/include/bumperbot_controller/simple_controller.hpp
[1.858s] -- Up-to-date: /home/vboxuser/bumperbot_ws/install/bumperbot_controller/lib/bumperbot_controller/simple_controller
[1.861s] -- Up-to-date: /home/vboxuser/bumperbot_ws/install/bumperbot_controller/lib/bumperbot_controller/noisy_controller
[1.871s] -- Up-to-date: /home/vboxuser/bumperbot_ws/install/bumperbot_controller/lib/bumperbot_controller/twist_relay
[1.872s] -- Up-to-date: /home/vboxuser/bumperbot_ws/install/bumperbot_controller/share/bumperbot_controller/launch
[1.872s] -- Up-to-date: /home/vboxuser/bumperbot_ws/install/bumperbot_controller/share/bumperbot_controller/launch/joystick_teleop.launch.py
[1.872s] -- Up-to-date: /home/vboxuser/bumperbot_ws/install/bumperbot_controller/share/bumperbot_controller/launch/controller.launch.py
[1.873s] -- Up-to-date: /home/vboxuser/bumperbot_ws/install/bumperbot_controller/share/bumperbot_controller/config
[1.873s] -- Up-to-date: /home/vboxuser/bumperbot_ws/install/bumperbot_controller/share/bumperbot_controller/config/bumperbot_controllers.yaml
[1.873s] -- Up-to-date: /home/vboxuser/bumperbot_ws/install/bumperbot_controller/share/bumperbot_controller/config/twist_mux_joy.yaml
[1.873s] -- Up-to-date: /home/vboxuser/bumperbot_ws/install/bumperbot_controller/share/bumperbot_controller/config/joy_config.yaml
[1.873s] -- Up-to-date: /home/vboxuser/bumperbot_ws/install/bumperbot_controller/share/bumperbot_controller/config/twist_mux_topics.yaml
[1.873s] -- Up-to-date: /home/vboxuser/bumperbot_ws/install/bumperbot_controller/share/bumperbot_controller/config/joy_teleop.yaml
[1.874s] -- Up-to-date: /home/vboxuser/bumperbot_ws/install/bumperbot_controller/share/bumperbot_controller/config/twist_mux_locks.yaml
[1.874s] -- Up-to-date: /home/vboxuser/bumperbot_ws/install/bumperbot_controller/lib/bumperbot_controller/simple_controller.py
[1.874s] -- Up-to-date: /home/vboxuser/bumperbot_ws/install/bumperbot_controller/lib/bumperbot_controller/noisy_controller.py
[1.874s] -- Up-to-date: /home/vboxuser/bumperbot_ws/install/bumperbot_controller/lib/bumperbot_controller/twist_relay.py
[1.874s] -- Up-to-date: /home/vboxuser/bumperbot_ws/install/bumperbot_controller/share/ament_index/resource_index/package_run_dependencies/bumperbot_controller
[1.882s] -- Up-to-date: /home/vboxuser/bumperbot_ws/install/bumperbot_controller/share/ament_index/resource_index/parent_prefix_path/bumperbot_controller
[1.883s] -- Up-to-date: /home/vboxuser/bumperbot_ws/install/bumperbot_controller/share/bumperbot_controller/environment/ament_prefix_path.sh
[1.883s] -- Up-to-date: /home/vboxuser/bumperbot_ws/install/bumperbot_controller/share/bumperbot_controller/environment/ament_prefix_path.dsv
[1.883s] -- Up-to-date: /home/vboxuser/bumperbot_ws/install/bumperbot_controller/share/bumperbot_controller/environment/path.sh
[1.883s] -- Up-to-date: /home/vboxuser/bumperbot_ws/install/bumperbot_controller/share/bumperbot_controller/environment/path.dsv
[1.907s] -- Up-to-date: /home/vboxuser/bumperbot_ws/install/bumperbot_controller/share/bumperbot_controller/local_setup.bash
[1.907s] -- Up-to-date: /home/vboxuser/bumperbot_ws/install/bumperbot_controller/share/bumperbot_controller/local_setup.sh
[1.907s] -- Up-to-date: /home/vboxuser/bumperbot_ws/install/bumperbot_controller/share/bumperbot_controller/local_setup.zsh
[1.907s] -- Up-to-date: /home/vboxuser/bumperbot_ws/install/bumperbot_controller/share/bumperbot_controller/local_setup.dsv
[1.907s] -- Installing: /home/vboxuser/bumperbot_ws/install/bumperbot_controller/share/bumperbot_controller/package.dsv
[1.907s] -- Up-to-date: /home/vboxuser/bumperbot_ws/install/bumperbot_controller/share/ament_index/resource_index/packages/bumperbot_controller
[1.907s] -- Up-to-date: /home/vboxuser/bumperbot_ws/install/bumperbot_controller/share/bumperbot_controller/cmake/bumperbot_controllerConfig.cmake
[1.907s] -- Up-to-date: /home/vboxuser/bumperbot_ws/install/bumperbot_controller/share/bumperbot_controller/cmake/bumperbot_controllerConfig-version.cmake
[1.907s] -- Up-to-date: /home/vboxuser/bumperbot_ws/install/bumperbot_controller/share/bumperbot_controller/package.xml
[2.075s] Invoked command in '/home/vboxuser/bumperbot_ws/build/bumperbot_controller' returned '0': CMAKE_PREFIX_PATH=${CMAKE_PREFIX_PATH}:/opt/ros/jazzy DEBUGINFOD_URLS=https://debuginfod.ubuntu.com /usr/bin/cmake --install /home/vboxuser/bumperbot_ws/build/bumperbot_controller
