[0.705s] Invoking command in '/home/vboxuser/bumperbot_ws/src/bumperbot_py_examples': AMENT_PREFIX_PATH=/home/vboxuser/bumperbot_ws/install/bumperbot_msgs:${AMENT_PREFIX_PATH} CMAKE_PREFIX_PATH=/home/vboxuser/bumperbot_ws/install/bumperbot_msgs:${CMAKE_PREFIX_PATH} DEBUGINFOD_URLS=https://debuginfod.ubuntu.com LD_LIBRARY_PATH=/home/vboxuser/bumperbot_ws/install/bumperbot_msgs/lib:${LD_LIBRARY_PATH} PYTHONPATH=/home/vboxuser/bumperbot_ws/build/bumperbot_py_examples/prefix_override:/usr/lib/python3/dist-packages/colcon_core/task/python/colcon_distutils_commands:/home/vboxuser/bumperbot_ws/install/bumperbot_py_examples/lib/python3.12/site-packages:/home/vboxuser/bumperbot_ws/install/bumperbot_msgs/lib/python3.12/site-packages:${PYTHONPATH} /usr/bin/python3 -W ignore:setup.py install is deprecated -W ignore:easy_install command is deprecated setup.py egg_info --egg-base ../../build/bumperbot_py_examples build --build-base /home/vboxuser/bumperbot_ws/build/bumperbot_py_examples/build install --record /home/vboxuser/bumperbot_ws/build/bumperbot_py_examples/install.log --single-version-externally-managed install_data
[0.914s] running egg_info
[0.916s] creating ../../build/bumperbot_py_examples/bumperbot_py_examples.egg-info
[0.931s] writing ../../build/bumperbot_py_examples/bumperbot_py_examples.egg-info/PKG-INFO
[0.931s] writing dependency_links to ../../build/bumperbot_py_examples/bumperbot_py_examples.egg-info/dependency_links.txt
[0.931s] writing entry points to ../../build/bumperbot_py_examples/bumperbot_py_examples.egg-info/entry_points.txt
[0.931s] writing requirements to ../../build/bumperbot_py_examples/bumperbot_py_examples.egg-info/requires.txt
[0.931s] writing top-level names to ../../build/bumperbot_py_examples/bumperbot_py_examples.egg-info/top_level.txt
[0.931s] writing manifest file '../../build/bumperbot_py_examples/bumperbot_py_examples.egg-info/SOURCES.txt'
[0.957s] reading manifest file '../../build/bumperbot_py_examples/bumperbot_py_examples.egg-info/SOURCES.txt'
[0.958s] writing manifest file '../../build/bumperbot_py_examples/bumperbot_py_examples.egg-info/SOURCES.txt'
[0.958s] running build
[0.958s] running build_py
[0.958s] creating /home/vboxuser/bumperbot_ws/build/bumperbot_py_examples/build
[0.959s] creating /home/vboxuser/bumperbot_ws/build/bumperbot_py_examples/build/lib
[0.959s] creating /home/vboxuser/bumperbot_ws/build/bumperbot_py_examples/build/lib/bumperbot_py_examples
[0.959s] copying bumperbot_py_examples/simple_parameter.py -> /home/vboxuser/bumperbot_ws/build/bumperbot_py_examples/build/lib/bumperbot_py_examples
[0.960s] copying bumperbot_py_examples/__init__.py -> /home/vboxuser/bumperbot_ws/build/bumperbot_py_examples/build/lib/bumperbot_py_examples
[0.960s] copying bumperbot_py_examples/simple_service_server.py -> /home/vboxuser/bumperbot_ws/build/bumperbot_py_examples/build/lib/bumperbot_py_examples
[0.960s] copying bumperbot_py_examples/simple_qos_publisher.py -> /home/vboxuser/bumperbot_ws/build/bumperbot_py_examples/build/lib/bumperbot_py_examples
[0.961s] copying bumperbot_py_examples/simple_publisher.py -> /home/vboxuser/bumperbot_ws/build/bumperbot_py_examples/build/lib/bumperbot_py_examples
[0.961s] copying bumperbot_py_examples/simple_subscriber.py -> /home/vboxuser/bumperbot_ws/build/bumperbot_py_examples/build/lib/bumperbot_py_examples
[0.962s] copying bumperbot_py_examples/simple_action_server.py -> /home/vboxuser/bumperbot_ws/build/bumperbot_py_examples/build/lib/bumperbot_py_examples
[0.962s] copying bumperbot_py_examples/simple_service_client.py -> /home/vboxuser/bumperbot_ws/build/bumperbot_py_examples/build/lib/bumperbot_py_examples
[0.963s] copying bumperbot_py_examples/simple_turtlesim_kinematics.py -> /home/vboxuser/bumperbot_ws/build/bumperbot_py_examples/build/lib/bumperbot_py_examples
[0.964s] copying bumperbot_py_examples/simple_action_client.py -> /home/vboxuser/bumperbot_ws/build/bumperbot_py_examples/build/lib/bumperbot_py_examples
[0.964s] copying bumperbot_py_examples/simple_tf_kinematics.py -> /home/vboxuser/bumperbot_ws/build/bumperbot_py_examples/build/lib/bumperbot_py_examples
[0.965s] copying bumperbot_py_examples/simple_qos_subscriber.py -> /home/vboxuser/bumperbot_ws/build/bumperbot_py_examples/build/lib/bumperbot_py_examples
[0.965s] copying bumperbot_py_examples/simple_lifecycle_node.py -> /home/vboxuser/bumperbot_ws/build/bumperbot_py_examples/build/lib/bumperbot_py_examples
[0.967s] running install
[0.971s] running install_lib
[0.986s] running install_data
[0.990s] running install_egg_info
[1.000s] removing '/home/vboxuser/bumperbot_ws/install/bumperbot_py_examples/lib/python3.12/site-packages/bumperbot_py_examples-0.0.0-py3.12.egg-info' (and everything under it)
[1.001s] Copying ../../build/bumperbot_py_examples/bumperbot_py_examples.egg-info to /home/vboxuser/bumperbot_ws/install/bumperbot_py_examples/lib/python3.12/site-packages/bumperbot_py_examples-0.0.0-py3.12.egg-info
[1.004s] running install_scripts
[1.099s] Installing simple_action_client script to /home/vboxuser/bumperbot_ws/install/bumperbot_py_examples/lib/bumperbot_py_examples
[1.099s] Installing simple_action_server script to /home/vboxuser/bumperbot_ws/install/bumperbot_py_examples/lib/bumperbot_py_examples
[1.099s] Installing simple_lifecycle_node script to /home/vboxuser/bumperbot_ws/install/bumperbot_py_examples/lib/bumperbot_py_examples
[1.099s] Installing simple_parameter script to /home/vboxuser/bumperbot_ws/install/bumperbot_py_examples/lib/bumperbot_py_examples
[1.099s] Installing simple_publisher script to /home/vboxuser/bumperbot_ws/install/bumperbot_py_examples/lib/bumperbot_py_examples
[1.099s] Installing simple_qos_publisher script to /home/vboxuser/bumperbot_ws/install/bumperbot_py_examples/lib/bumperbot_py_examples
[1.099s] Installing simple_qos_subscriber script to /home/vboxuser/bumperbot_ws/install/bumperbot_py_examples/lib/bumperbot_py_examples
[1.099s] Installing simple_service_client script to /home/vboxuser/bumperbot_ws/install/bumperbot_py_examples/lib/bumperbot_py_examples
[1.099s] Installing simple_service_server script to /home/vboxuser/bumperbot_ws/install/bumperbot_py_examples/lib/bumperbot_py_examples
[1.099s] Installing simple_subscriber script to /home/vboxuser/bumperbot_ws/install/bumperbot_py_examples/lib/bumperbot_py_examples
[1.099s] Installing simple_tf_kinematics script to /home/vboxuser/bumperbot_ws/install/bumperbot_py_examples/lib/bumperbot_py_examples
[1.099s] Installing simple_turtlesim_kinematics script to /home/vboxuser/bumperbot_ws/install/bumperbot_py_examples/lib/bumperbot_py_examples
[1.099s] writing list of installed files to '/home/vboxuser/bumperbot_ws/build/bumperbot_py_examples/install.log'
[1.125s] Invoked command in '/home/vboxuser/bumperbot_ws/src/bumperbot_py_examples' returned '0': AMENT_PREFIX_PATH=/home/vboxuser/bumperbot_ws/install/bumperbot_msgs:${AMENT_PREFIX_PATH} CMAKE_PREFIX_PATH=/home/vboxuser/bumperbot_ws/install/bumperbot_msgs:${CMAKE_PREFIX_PATH} DEBUGINFOD_URLS=https://debuginfod.ubuntu.com LD_LIBRARY_PATH=/home/vboxuser/bumperbot_ws/install/bumperbot_msgs/lib:${LD_LIBRARY_PATH} PYTHONPATH=/home/vboxuser/bumperbot_ws/build/bumperbot_py_examples/prefix_override:/usr/lib/python3/dist-packages/colcon_core/task/python/colcon_distutils_commands:/home/vboxuser/bumperbot_ws/install/bumperbot_py_examples/lib/python3.12/site-packages:/home/vboxuser/bumperbot_ws/install/bumperbot_msgs/lib/python3.12/site-packages:${PYTHONPATH} /usr/bin/python3 -W ignore:setup.py install is deprecated -W ignore:easy_install command is deprecated setup.py egg_info --egg-base ../../build/bumperbot_py_examples build --build-base /home/vboxuser/bumperbot_ws/build/bumperbot_py_examples/build install --record /home/vboxuser/bumperbot_ws/build/bumperbot_py_examples/install.log --single-version-externally-managed install_data
