-- The C compiler identification is GNU 13.3.0
-- The CXX compiler identification is GNU 13.3.0
-- Detecting C compiler ABI info
-- Detecting C compiler ABI info - done
-- Check for working C compiler: /usr/bin/cc - skipped
-- Detecting C compile features
-- Detecting C compile features - done
-- Detecting CXX compiler ABI info
-- Detecting CXX compiler ABI info - done
-- Check for working CXX compiler: /usr/bin/c++ - skipped
-- Detecting CXX compile features
-- Detecting CXX compile features - done
-- Found ament_cmake: 2.5.5 (/opt/ros/jazzy/share/ament_cmake/cmake)
-- Found Python3: /usr/bin/python3 (found version "3.12.3") found components: Interpreter 
-- Found rclcpp: 28.1.16 (/opt/ros/jazzy/share/rclcpp/cmake)
-- Found rosidl_generator_c: 4.6.7 (/opt/ros/jazzy/share/rosidl_generator_c/cmake)
-- Found rosidl_generator_cpp: 4.6.7 (/opt/ros/jazzy/share/rosidl_generator_cpp/cmake)
-- Using all available rosidl_typesupport_c: rosidl_typesupport_fastrtps_c;rosidl_typesupport_introspection_c
-- Using all available rosidl_typesupport_cpp: rosidl_typesupport_fastrtps_cpp;rosidl_typesupport_introspection_cpp
-- Found rmw_implementation_cmake: 7.3.3 (/opt/ros/jazzy/share/rmw_implementation_cmake/cmake)
-- Found rmw_fastrtps_cpp: 8.4.3 (/opt/ros/jazzy/share/rmw_fastrtps_cpp/cmake)
-- Found OpenSSL: /usr/lib/x86_64-linux-gnu/libcrypto.so (found version "3.0.13")  
-- Found FastRTPS: /opt/ros/jazzy/include (Required is at least version "2.13") 
-- Using RMW implementation 'rmw_fastrtps_cpp' as default
-- Found rclpy: 7.1.9 (/opt/ros/jazzy/share/rclpy/cmake)
-- Found nav_msgs: 5.3.6 (/opt/ros/jazzy/share/nav_msgs/cmake)
-- Found sensor_msgs: 5.3.6 (/opt/ros/jazzy/share/sensor_msgs/cmake)
-- Found tf2: 0.36.19 (/opt/ros/jazzy/share/tf2/cmake)
-- Configuring done (1.3s)
-- Generating done (0.0s)
-- Build files have been written to: /home/vboxuser/bumperbot_ws/build/bumperbot_localization
[ 16%] [32mBuilding CXX object CMakeFiles/kalman_filter.dir/src/kalman_filter.cpp.o[0m
[ 33%] [32m[1mLinking CXX executable kalman_filter[0m
[ 33%] Built target kalman_filter
[ 50%] [32mBuilding CXX object CMakeFiles/imu_republisher.dir/src/imu_republisher.cpp.o[0m
[ 66%] [32m[1mLinking CXX executable imu_republisher[0m
[ 66%] Built target imu_republisher
[ 83%] [32mBuilding CXX object CMakeFiles/odometry_motion_model.dir/src/odometry_motion_model.cpp.o[0m
[100%] [32m[1mLinking CXX executable odometry_motion_model[0m
[100%] Built target odometry_motion_model
[100%] Built target ament_cmake_python_copy_bumperbot_localization
running egg_info
creating bumperbot_localization.egg-info
writing bumperbot_localization.egg-info/PKG-INFO
writing dependency_links to bumperbot_localization.egg-info/dependency_links.txt
writing top-level names to bumperbot_localization.egg-info/top_level.txt
writing manifest file 'bumperbot_localization.egg-info/SOURCES.txt'
reading manifest file 'bumperbot_localization.egg-info/SOURCES.txt'
writing manifest file 'bumperbot_localization.egg-info/SOURCES.txt'
[100%] Built target ament_cmake_python_build_bumperbot_localization_egg
-- Install configuration: ""
-- Installing: /home/vboxuser/bumperbot_ws/install/bumperbot_localization/share/bumperbot_localization/environment/pythonpath.sh
-- Installing: /home/vboxuser/bumperbot_ws/install/bumperbot_localization/share/bumperbot_localization/environment/pythonpath.dsv
-- Installing: /home/vboxuser/bumperbot_ws/install/bumperbot_localization/lib/python3.12/site-packages/bumperbot_localization-0.0.0-py3.12.egg-info
-- Installing: /home/vboxuser/bumperbot_ws/install/bumperbot_localization/lib/python3.12/site-packages/bumperbot_localization-0.0.0-py3.12.egg-info/dependency_links.txt
-- Installing: /home/vboxuser/bumperbot_ws/install/bumperbot_localization/lib/python3.12/site-packages/bumperbot_localization-0.0.0-py3.12.egg-info/PKG-INFO
-- Installing: /home/vboxuser/bumperbot_ws/install/bumperbot_localization/lib/python3.12/site-packages/bumperbot_localization-0.0.0-py3.12.egg-info/SOURCES.txt
-- Installing: /home/vboxuser/bumperbot_ws/install/bumperbot_localization/lib/python3.12/site-packages/bumperbot_localization-0.0.0-py3.12.egg-info/top_level.txt
-- Installing: /home/vboxuser/bumperbot_ws/install/bumperbot_localization/lib/python3.12/site-packages/bumperbot_localization
-- Installing: /home/vboxuser/bumperbot_ws/install/bumperbot_localization/lib/python3.12/site-packages/bumperbot_localization/kalman_filter.py
-- Installing: /home/vboxuser/bumperbot_ws/install/bumperbot_localization/lib/python3.12/site-packages/bumperbot_localization/__init__.py
-- Installing: /home/vboxuser/bumperbot_ws/install/bumperbot_localization/lib/python3.12/site-packages/bumperbot_localization/imu_republisher.py
-- Installing: /home/vboxuser/bumperbot_ws/install/bumperbot_localization/lib/python3.12/site-packages/bumperbot_localization/odometry_motion_model.py
Listing '/home/vboxuser/bumperbot_ws/install/bumperbot_localization/lib/python3.12/site-packages/bumperbot_localization'...
Compiling '/home/vboxuser/bumperbot_ws/install/bumperbot_localization/lib/python3.12/site-packages/bumperbot_localization/__init__.py'...
Compiling '/home/vboxuser/bumperbot_ws/install/bumperbot_localization/lib/python3.12/site-packages/bumperbot_localization/imu_republisher.py'...
Compiling '/home/vboxuser/bumperbot_ws/install/bumperbot_localization/lib/python3.12/site-packages/bumperbot_localization/kalman_filter.py'...
Compiling '/home/vboxuser/bumperbot_ws/install/bumperbot_localization/lib/python3.12/site-packages/bumperbot_localization/odometry_motion_model.py'...
-- Installing: /home/vboxuser/bumperbot_ws/install/bumperbot_localization/include/include
-- Installing: /home/vboxuser/bumperbot_ws/install/bumperbot_localization/include/include/bumperbot_localization
-- Installing: /home/vboxuser/bumperbot_ws/install/bumperbot_localization/include/include/bumperbot_localization/kalman_filter.hpp
-- Installing: /home/vboxuser/bumperbot_ws/install/bumperbot_localization/include/include/bumperbot_localization/odometry_motion_model.hpp
-- Installing: /home/vboxuser/bumperbot_ws/install/bumperbot_localization/bin/odometry_motion_model
-- Set non-toolchain portion of runtime path of "/home/vboxuser/bumperbot_ws/install/bumperbot_localization/bin/odometry_motion_model" to ""
-- Installing: /home/vboxuser/bumperbot_ws/install/bumperbot_localization/lib/bumperbot_localization/kalman_filter
-- Set non-toolchain portion of runtime path of "/home/vboxuser/bumperbot_ws/install/bumperbot_localization/lib/bumperbot_localization/kalman_filter" to ""
-- Installing: /home/vboxuser/bumperbot_ws/install/bumperbot_localization/lib/bumperbot_localization/imu_republisher
-- Set non-toolchain portion of runtime path of "/home/vboxuser/bumperbot_ws/install/bumperbot_localization/lib/bumperbot_localization/imu_republisher" to ""
-- Installing: /home/vboxuser/bumperbot_ws/install/bumperbot_localization/lib/bumperbot_localization/odometry_motion_model
-- Set non-toolchain portion of runtime path of "/home/vboxuser/bumperbot_ws/install/bumperbot_localization/lib/bumperbot_localization/odometry_motion_model" to ""
-- Installing: /home/vboxuser/bumperbot_ws/install/bumperbot_localization/share/bumperbot_localization/launch
-- Installing: /home/vboxuser/bumperbot_ws/install/bumperbot_localization/share/bumperbot_localization/launch/global_localization.launch.py
-- Installing: /home/vboxuser/bumperbot_ws/install/bumperbot_localization/share/bumperbot_localization/launch/local_localization.launch.py
-- Installing: /home/vboxuser/bumperbot_ws/install/bumperbot_localization/share/bumperbot_localization/config
-- Installing: /home/vboxuser/bumperbot_ws/install/bumperbot_localization/share/bumperbot_localization/config/odometry_motion_model.rviz
-- Installing: /home/vboxuser/bumperbot_ws/install/bumperbot_localization/share/bumperbot_localization/config/amcl.yaml
-- Installing: /home/vboxuser/bumperbot_ws/install/bumperbot_localization/share/bumperbot_localization/config/ekf.yaml
-- Installing: /home/vboxuser/bumperbot_ws/install/bumperbot_localization/share/bumperbot_localization/rviz
-- Installing: /home/vboxuser/bumperbot_ws/install/bumperbot_localization/share/bumperbot_localization/rviz/global_localization.rviz
-- Installing: /home/vboxuser/bumperbot_ws/install/bumperbot_localization/lib/bumperbot_localization/kalman_filter.py
-- Installing: /home/vboxuser/bumperbot_ws/install/bumperbot_localization/lib/bumperbot_localization/imu_republisher.py
-- Installing: /home/vboxuser/bumperbot_ws/install/bumperbot_localization/lib/bumperbot_localization/odometry_motion_model.py
-- Installing: /home/vboxuser/bumperbot_ws/install/bumperbot_localization/share/ament_index/resource_index/package_run_dependencies/bumperbot_localization
-- Installing: /home/vboxuser/bumperbot_ws/install/bumperbot_localization/share/ament_index/resource_index/parent_prefix_path/bumperbot_localization
-- Installing: /home/vboxuser/bumperbot_ws/install/bumperbot_localization/share/bumperbot_localization/environment/ament_prefix_path.sh
-- Installing: /home/vboxuser/bumperbot_ws/install/bumperbot_localization/share/bumperbot_localization/environment/ament_prefix_path.dsv
-- Installing: /home/vboxuser/bumperbot_ws/install/bumperbot_localization/share/bumperbot_localization/environment/path.sh
-- Installing: /home/vboxuser/bumperbot_ws/install/bumperbot_localization/share/bumperbot_localization/environment/path.dsv
-- Installing: /home/vboxuser/bumperbot_ws/install/bumperbot_localization/share/bumperbot_localization/local_setup.bash
-- Installing: /home/vboxuser/bumperbot_ws/install/bumperbot_localization/share/bumperbot_localization/local_setup.sh
-- Installing: /home/vboxuser/bumperbot_ws/install/bumperbot_localization/share/bumperbot_localization/local_setup.zsh
-- Installing: /home/vboxuser/bumperbot_ws/install/bumperbot_localization/share/bumperbot_localization/local_setup.dsv
-- Installing: /home/vboxuser/bumperbot_ws/install/bumperbot_localization/share/bumperbot_localization/package.dsv
-- Installing: /home/vboxuser/bumperbot_ws/install/bumperbot_localization/share/ament_index/resource_index/packages/bumperbot_localization
-- Installing: /home/vboxuser/bumperbot_ws/install/bumperbot_localization/share/bumperbot_localization/cmake/bumperbot_localizationConfig.cmake
-- Installing: /home/vboxuser/bumperbot_ws/install/bumperbot_localization/share/bumperbot_localization/cmake/bumperbot_localizationConfig-version.cmake
-- Installing: /home/vboxuser/bumperbot_ws/install/bumperbot_localization/share/bumperbot_localization/package.xml
