[0.013s] Invoking command in '/home/vboxuser/bumperbot_ws/build/bumperbot_mapping': CMAKE_PREFIX_PATH=${CMAKE_PREFIX_PATH}:/opt/ros/jazzy DEBUGINFOD_URLS=https://debuginfod.ubuntu.com /usr/bin/cmake /home/vboxuser/bumperbot_ws/src/bumperbot_mapping -DCMAKE_INSTALL_PREFIX=/home/vboxuser/bumperbot_ws/install/bumperbot_mapping
[0.098s] -- The C compiler identification is GNU 13.3.0
[0.157s] -- The CXX compiler identification is GNU 13.3.0
[0.183s] -- Detecting C compiler ABI info
[0.275s] -- Detecting C compiler ABI info - done
[0.281s] -- Check for working C compiler: /usr/bin/cc - skipped
[0.282s] -- Detecting C compile features
[0.283s] -- Detecting C compile features - done
[0.296s] -- Detecting CXX compiler ABI info
[0.398s] -- Detecting CXX compiler ABI info - done
[0.405s] -- Check for working CXX compiler: /usr/bin/c++ - skipped
[0.405s] -- Detecting CXX compile features
[0.405s] -- Detecting CXX compile features - done
[0.423s] -- Found ament_cmake: 2.5.5 (/opt/ros/jazzy/share/ament_cmake/cmake)
[0.553s] -- Found Python3: /usr/bin/python3 (found version "3.12.3") found components: Interpreter 
[0.689s] -- Found rclcpp: 28.1.16 (/opt/ros/jazzy/share/rclcpp/cmake)
[0.758s] -- Found rosidl_generator_c: 4.6.7 (/opt/ros/jazzy/share/rosidl_generator_c/cmake)
[0.778s] -- Found rosidl_generator_cpp: 4.6.7 (/opt/ros/jazzy/share/rosidl_generator_cpp/cmake)
[0.806s] -- Using all available rosidl_typesupport_c: rosidl_typesupport_fastrtps_c;rosidl_typesupport_introspection_c
[0.836s] -- Using all available rosidl_typesupport_cpp: rosidl_typesupport_fastrtps_cpp;rosidl_typesupport_introspection_cpp
[0.952s] -- Found rmw_implementation_cmake: 7.3.3 (/opt/ros/jazzy/share/rmw_implementation_cmake/cmake)
[0.958s] -- Found rmw_fastrtps_cpp: 8.4.3 (/opt/ros/jazzy/share/rmw_fastrtps_cpp/cmake)
[1.089s] -- Found OpenSSL: /usr/lib/x86_64-linux-gnu/libcrypto.so (found version "3.0.13")  
[1.108s] -- Found FastRTPS: /opt/ros/jazzy/include (Required is at least version "2.13") 
[1.132s] -- Using RMW implementation 'rmw_fastrtps_cpp' as default
[1.242s] -- Found rclpy: 7.1.9 (/opt/ros/jazzy/share/rclpy/cmake)
[1.245s] -- Found sensor_msgs: 5.3.6 (/opt/ros/jazzy/share/sensor_msgs/cmake)
[1.326s] -- Found nav_msgs: 5.3.6 (/opt/ros/jazzy/share/nav_msgs/cmake)
[1.361s] -- Found tf2_ros: 0.36.19 (/opt/ros/jazzy/share/tf2_ros/cmake)
[1.706s] -- Configuring done (1.7s)
[1.719s] -- Generating done (0.0s)
[1.727s] -- Build files have been written to: /home/vboxuser/bumperbot_ws/build/bumperbot_mapping
[1.730s] Invoked command in '/home/vboxuser/bumperbot_ws/build/bumperbot_mapping' returned '0': CMAKE_PREFIX_PATH=${CMAKE_PREFIX_PATH}:/opt/ros/jazzy DEBUGINFOD_URLS=https://debuginfod.ubuntu.com /usr/bin/cmake /home/vboxuser/bumperbot_ws/src/bumperbot_mapping -DCMAKE_INSTALL_PREFIX=/home/vboxuser/bumperbot_ws/install/bumperbot_mapping
[1.731s] Invoking command in '/home/vboxuser/bumperbot_ws/build/bumperbot_mapping': CMAKE_PREFIX_PATH=${CMAKE_PREFIX_PATH}:/opt/ros/jazzy DEBUGINFOD_URLS=https://debuginfod.ubuntu.com /usr/bin/cmake --build /home/vboxuser/bumperbot_ws/build/bumperbot_mapping -- -j6 -l6
[1.785s] [ 50%] [32mBuilding CXX object CMakeFiles/mapping_with_known_poses.dir/src/mapping_with_known_poses.cpp.o[0m
[1.799s] [ 50%] Built target ament_cmake_python_copy_bumperbot_mapping
[1.973s] running egg_info
[1.974s] creating bumperbot_mapping.egg-info
[1.989s] writing bumperbot_mapping.egg-info/PKG-INFO
[1.989s] writing dependency_links to bumperbot_mapping.egg-info/dependency_links.txt
[1.989s] writing top-level names to bumperbot_mapping.egg-info/top_level.txt
[1.989s] writing manifest file 'bumperbot_mapping.egg-info/SOURCES.txt'
[2.031s] reading manifest file 'bumperbot_mapping.egg-info/SOURCES.txt'
[2.031s] writing manifest file 'bumperbot_mapping.egg-info/SOURCES.txt'
[2.056s] [ 50%] Built target ament_cmake_python_build_bumperbot_mapping_egg
[8.779s] [100%] [32m[1mLinking CXX executable mapping_with_known_poses[0m
[9.114s] [100%] Built target mapping_with_known_poses
[9.129s] Invoked command in '/home/vboxuser/bumperbot_ws/build/bumperbot_mapping' returned '0': CMAKE_PREFIX_PATH=${CMAKE_PREFIX_PATH}:/opt/ros/jazzy DEBUGINFOD_URLS=https://debuginfod.ubuntu.com /usr/bin/cmake --build /home/vboxuser/bumperbot_ws/build/bumperbot_mapping -- -j6 -l6
[9.143s] Invoking command in '/home/vboxuser/bumperbot_ws/build/bumperbot_mapping': CMAKE_PREFIX_PATH=${CMAKE_PREFIX_PATH}:/opt/ros/jazzy DEBUGINFOD_URLS=https://debuginfod.ubuntu.com /usr/bin/cmake --install /home/vboxuser/bumperbot_ws/build/bumperbot_mapping
[9.153s] -- Install configuration: ""
[9.154s] -- Installing: /home/vboxuser/bumperbot_ws/install/bumperbot_mapping/share/bumperbot_mapping/environment/pythonpath.sh
[9.154s] -- Installing: /home/vboxuser/bumperbot_ws/install/bumperbot_mapping/share/bumperbot_mapping/environment/pythonpath.dsv
[9.155s] -- Up-to-date: /home/vboxuser/bumperbot_ws/install/bumperbot_mapping/lib/python3.12/site-packages/bumperbot_mapping-0.0.0-py3.12.egg-info
[9.155s] -- Installing: /home/vboxuser/bumperbot_ws/install/bumperbot_mapping/lib/python3.12/site-packages/bumperbot_mapping-0.0.0-py3.12.egg-info/dependency_links.txt
[9.155s] -- Installing: /home/vboxuser/bumperbot_ws/install/bumperbot_mapping/lib/python3.12/site-packages/bumperbot_mapping-0.0.0-py3.12.egg-info/PKG-INFO
[9.156s] -- Installing: /home/vboxuser/bumperbot_ws/install/bumperbot_mapping/lib/python3.12/site-packages/bumperbot_mapping-0.0.0-py3.12.egg-info/SOURCES.txt
[9.156s] -- Installing: /home/vboxuser/bumperbot_ws/install/bumperbot_mapping/lib/python3.12/site-packages/bumperbot_mapping-0.0.0-py3.12.egg-info/top_level.txt
[9.156s] -- Up-to-date: /home/vboxuser/bumperbot_ws/install/bumperbot_mapping/lib/python3.12/site-packages/bumperbot_mapping
[9.156s] -- Up-to-date: /home/vboxuser/bumperbot_ws/install/bumperbot_mapping/lib/python3.12/site-packages/bumperbot_mapping/__init__.py
[9.156s] -- Up-to-date: /home/vboxuser/bumperbot_ws/install/bumperbot_mapping/lib/python3.12/site-packages/bumperbot_mapping/mapping_with_known_poses.py
[9.189s] Listing '/home/vboxuser/bumperbot_ws/install/bumperbot_mapping/lib/python3.12/site-packages/bumperbot_mapping'...
[9.196s] -- Up-to-date: /home/vboxuser/bumperbot_ws/install/bumperbot_mapping/include/include
[9.197s] -- Up-to-date: /home/vboxuser/bumperbot_ws/install/bumperbot_mapping/include/include/bumperbot_mapping
[9.197s] -- Up-to-date: /home/vboxuser/bumperbot_ws/install/bumperbot_mapping/include/include/bumperbot_mapping/mapping_with_known_poses.hpp
[9.198s] -- Installing: /home/vboxuser/bumperbot_ws/install/bumperbot_mapping/lib/bumperbot_mapping/mapping_with_known_poses
[9.202s] -- Set non-toolchain portion of runtime path of "/home/vboxuser/bumperbot_ws/install/bumperbot_mapping/lib/bumperbot_mapping/mapping_with_known_poses" to ""
[9.202s] -- Up-to-date: /home/vboxuser/bumperbot_ws/install/bumperbot_mapping/share/bumperbot_mapping/config
[9.203s] -- Up-to-date: /home/vboxuser/bumperbot_ws/install/bumperbot_mapping/share/bumperbot_mapping/config/slam_toolbox.yaml
[9.203s] -- Up-to-date: /home/vboxuser/bumperbot_ws/install/bumperbot_mapping/share/bumperbot_mapping/launch
[9.204s] -- Up-to-date: /home/vboxuser/bumperbot_ws/install/bumperbot_mapping/share/bumperbot_mapping/launch/slam.launch.py
[9.204s] -- Up-to-date: /home/vboxuser/bumperbot_ws/install/bumperbot_mapping/share/bumperbot_mapping/maps
[9.204s] -- Up-to-date: /home/vboxuser/bumperbot_ws/install/bumperbot_mapping/share/bumperbot_mapping/maps/small_house
[9.204s] -- Up-to-date: /home/vboxuser/bumperbot_ws/install/bumperbot_mapping/share/bumperbot_mapping/maps/small_house/map.yaml
[9.204s] -- Up-to-date: /home/vboxuser/bumperbot_ws/install/bumperbot_mapping/share/bumperbot_mapping/maps/small_house/map.pgm
[9.204s] -- Up-to-date: /home/vboxuser/bumperbot_ws/install/bumperbot_mapping/share/bumperbot_mapping/maps/small_warehouse
[9.205s] -- Up-to-date: /home/vboxuser/bumperbot_ws/install/bumperbot_mapping/share/bumperbot_mapping/maps/small_warehouse/map.yaml
[9.205s] -- Up-to-date: /home/vboxuser/bumperbot_ws/install/bumperbot_mapping/share/bumperbot_mapping/maps/small_warehouse/map.pgm
[9.205s] -- Up-to-date: /home/vboxuser/bumperbot_ws/install/bumperbot_mapping/share/bumperbot_mapping/rviz
[9.206s] -- Up-to-date: /home/vboxuser/bumperbot_ws/install/bumperbot_mapping/share/bumperbot_mapping/rviz/slam.rviz
[9.206s] -- Up-to-date: /home/vboxuser/bumperbot_ws/install/bumperbot_mapping/lib/bumperbot_mapping/mapping_with_known_poses.py
[9.207s] -- Installing: /home/vboxuser/bumperbot_ws/install/bumperbot_mapping/share/ament_index/resource_index/package_run_dependencies/bumperbot_mapping
[9.207s] -- Installing: /home/vboxuser/bumperbot_ws/install/bumperbot_mapping/share/ament_index/resource_index/parent_prefix_path/bumperbot_mapping
[9.207s] -- Up-to-date: /home/vboxuser/bumperbot_ws/install/bumperbot_mapping/share/bumperbot_mapping/environment/ament_prefix_path.sh
[9.207s] -- Installing: /home/vboxuser/bumperbot_ws/install/bumperbot_mapping/share/bumperbot_mapping/environment/ament_prefix_path.dsv
[9.207s] -- Up-to-date: /home/vboxuser/bumperbot_ws/install/bumperbot_mapping/share/bumperbot_mapping/environment/path.sh
[9.207s] -- Installing: /home/vboxuser/bumperbot_ws/install/bumperbot_mapping/share/bumperbot_mapping/environment/path.dsv
[9.207s] -- Installing: /home/vboxuser/bumperbot_ws/install/bumperbot_mapping/share/bumperbot_mapping/local_setup.bash
[9.207s] -- Installing: /home/vboxuser/bumperbot_ws/install/bumperbot_mapping/share/bumperbot_mapping/local_setup.sh
[9.207s] -- Installing: /home/vboxuser/bumperbot_ws/install/bumperbot_mapping/share/bumperbot_mapping/local_setup.zsh
[9.207s] -- Installing: /home/vboxuser/bumperbot_ws/install/bumperbot_mapping/share/bumperbot_mapping/local_setup.dsv
[9.207s] -- Installing: /home/vboxuser/bumperbot_ws/install/bumperbot_mapping/share/bumperbot_mapping/package.dsv
[9.207s] -- Installing: /home/vboxuser/bumperbot_ws/install/bumperbot_mapping/share/ament_index/resource_index/packages/bumperbot_mapping
[9.207s] -- Installing: /home/vboxuser/bumperbot_ws/install/bumperbot_mapping/share/bumperbot_mapping/cmake/bumperbot_mappingConfig.cmake
[9.207s] -- Installing: /home/vboxuser/bumperbot_ws/install/bumperbot_mapping/share/bumperbot_mapping/cmake/bumperbot_mappingConfig-version.cmake
[9.208s] -- Up-to-date: /home/vboxuser/bumperbot_ws/install/bumperbot_mapping/share/bumperbot_mapping/package.xml
[9.209s] Invoked command in '/home/vboxuser/bumperbot_ws/build/bumperbot_mapping' returned '0': CMAKE_PREFIX_PATH=${CMAKE_PREFIX_PATH}:/opt/ros/jazzy DEBUGINFOD_URLS=https://debuginfod.ubuntu.com /usr/bin/cmake --install /home/vboxuser/bumperbot_ws/build/bumperbot_mapping
