[0.054s] Invoking command in '/home/vboxuser/bumperbot_ws/build/bumperbot_mapping': CMAKE_PREFIX_PATH=${CMAKE_PREFIX_PATH}:/home/vboxuser/bumperbot_ws/install/bumperbot_py_examples:/opt/ros/jazzy DEBUGINFOD_URLS=https://debuginfod.ubuntu.com /usr/bin/cmake --build /home/vboxuser/bumperbot_ws/build/bumperbot_mapping -- -j6 -l6
[0.232s] [  0%] Built target ament_cmake_python_copy_bumperbot_mapping
[0.381s] [100%] Built target mapping_with_known_poses
[0.548s] running egg_info
[0.560s] writing bumperbot_mapping.egg-info/PKG-INFO
[0.561s] writing dependency_links to bumperbot_mapping.egg-info/dependency_links.txt
[0.561s] writing top-level names to bumperbot_mapping.egg-info/top_level.txt
[0.616s] reading manifest file 'bumperbot_mapping.egg-info/SOURCES.txt'
[0.616s] writing manifest file 'bumperbot_mapping.egg-info/SOURCES.txt'
[0.647s] [100%] Built target ament_cmake_python_build_bumperbot_mapping_egg
[0.653s] Invoked command in '/home/vboxuser/bumperbot_ws/build/bumperbot_mapping' returned '0': CMAKE_PREFIX_PATH=${CMAKE_PREFIX_PATH}:/home/vboxuser/bumperbot_ws/install/bumperbot_py_examples:/opt/ros/jazzy DEBUGINFOD_URLS=https://debuginfod.ubuntu.com /usr/bin/cmake --build /home/vboxuser/bumperbot_ws/build/bumperbot_mapping -- -j6 -l6
[0.668s] Invoking command in '/home/vboxuser/bumperbot_ws/build/bumperbot_mapping': CMAKE_PREFIX_PATH=${CMAKE_PREFIX_PATH}:/home/vboxuser/bumperbot_ws/install/bumperbot_py_examples:/opt/ros/jazzy DEBUGINFOD_URLS=https://debuginfod.ubuntu.com /usr/bin/cmake --install /home/vboxuser/bumperbot_ws/build/bumperbot_mapping
[0.713s] -- Install configuration: ""
[0.713s] -- Up-to-date: /home/vboxuser/bumperbot_ws/install/bumperbot_mapping/share/bumperbot_mapping/environment/pythonpath.sh
[0.715s] -- Up-to-date: /home/vboxuser/bumperbot_ws/install/bumperbot_mapping/share/bumperbot_mapping/environment/pythonpath.dsv
[0.719s] -- Up-to-date: /home/vboxuser/bumperbot_ws/install/bumperbot_mapping/lib/python3.12/site-packages/bumperbot_mapping-0.0.0-py3.12.egg-info
[0.719s] -- Installing: /home/vboxuser/bumperbot_ws/install/bumperbot_mapping/lib/python3.12/site-packages/bumperbot_mapping-0.0.0-py3.12.egg-info/dependency_links.txt
[0.719s] -- Installing: /home/vboxuser/bumperbot_ws/install/bumperbot_mapping/lib/python3.12/site-packages/bumperbot_mapping-0.0.0-py3.12.egg-info/PKG-INFO
[0.719s] -- Installing: /home/vboxuser/bumperbot_ws/install/bumperbot_mapping/lib/python3.12/site-packages/bumperbot_mapping-0.0.0-py3.12.egg-info/SOURCES.txt
[0.719s] -- Installing: /home/vboxuser/bumperbot_ws/install/bumperbot_mapping/lib/python3.12/site-packages/bumperbot_mapping-0.0.0-py3.12.egg-info/top_level.txt
[0.719s] -- Up-to-date: /home/vboxuser/bumperbot_ws/install/bumperbot_mapping/lib/python3.12/site-packages/bumperbot_mapping
[0.719s] -- Up-to-date: /home/vboxuser/bumperbot_ws/install/bumperbot_mapping/lib/python3.12/site-packages/bumperbot_mapping/__init__.py
[0.719s] -- Up-to-date: /home/vboxuser/bumperbot_ws/install/bumperbot_mapping/lib/python3.12/site-packages/bumperbot_mapping/mapping_with_known_poses.py
[0.739s] Listing '/home/vboxuser/bumperbot_ws/install/bumperbot_mapping/lib/python3.12/site-packages/bumperbot_mapping'...
[0.760s] -- Up-to-date: /home/vboxuser/bumperbot_ws/install/bumperbot_mapping/include/include
[0.760s] -- Up-to-date: /home/vboxuser/bumperbot_ws/install/bumperbot_mapping/include/include/bumperbot_mapping
[0.796s] -- Up-to-date: /home/vboxuser/bumperbot_ws/install/bumperbot_mapping/include/include/bumperbot_mapping/mapping_with_known_poses.hpp
[0.797s] -- Up-to-date: /home/vboxuser/bumperbot_ws/install/bumperbot_mapping/lib/bumperbot_mapping/mapping_with_known_poses
[0.798s] -- Up-to-date: /home/vboxuser/bumperbot_ws/install/bumperbot_mapping/share/bumperbot_mapping/config
[0.800s] -- Up-to-date: /home/vboxuser/bumperbot_ws/install/bumperbot_mapping/share/bumperbot_mapping/config/slam_toolbox.yaml
[0.800s] -- Up-to-date: /home/vboxuser/bumperbot_ws/install/bumperbot_mapping/share/bumperbot_mapping/launch
[0.801s] -- Up-to-date: /home/vboxuser/bumperbot_ws/install/bumperbot_mapping/share/bumperbot_mapping/launch/slam.launch.py
[0.802s] -- Up-to-date: /home/vboxuser/bumperbot_ws/install/bumperbot_mapping/share/bumperbot_mapping/maps
[0.802s] -- Up-to-date: /home/vboxuser/bumperbot_ws/install/bumperbot_mapping/share/bumperbot_mapping/maps/small_house
[0.802s] -- Up-to-date: /home/vboxuser/bumperbot_ws/install/bumperbot_mapping/share/bumperbot_mapping/maps/small_house/map.yaml
[0.803s] -- Up-to-date: /home/vboxuser/bumperbot_ws/install/bumperbot_mapping/share/bumperbot_mapping/maps/small_house/map.pgm
[0.803s] -- Up-to-date: /home/vboxuser/bumperbot_ws/install/bumperbot_mapping/share/bumperbot_mapping/maps/small_warehouse
[0.803s] -- Up-to-date: /home/vboxuser/bumperbot_ws/install/bumperbot_mapping/share/bumperbot_mapping/maps/small_warehouse/map.yaml
[0.804s] -- Up-to-date: /home/vboxuser/bumperbot_ws/install/bumperbot_mapping/share/bumperbot_mapping/maps/small_warehouse/map.pgm
[0.804s] -- Up-to-date: /home/vboxuser/bumperbot_ws/install/bumperbot_mapping/share/bumperbot_mapping/rviz
[0.804s] -- Up-to-date: /home/vboxuser/bumperbot_ws/install/bumperbot_mapping/share/bumperbot_mapping/rviz/slam.rviz
[0.805s] -- Up-to-date: /home/vboxuser/bumperbot_ws/install/bumperbot_mapping/lib/bumperbot_mapping/mapping_with_known_poses.py
[0.806s] -- Up-to-date: /home/vboxuser/bumperbot_ws/install/bumperbot_mapping/share/ament_index/resource_index/package_run_dependencies/bumperbot_mapping
[0.812s] -- Up-to-date: /home/vboxuser/bumperbot_ws/install/bumperbot_mapping/share/ament_index/resource_index/parent_prefix_path/bumperbot_mapping
[0.812s] -- Up-to-date: /home/vboxuser/bumperbot_ws/install/bumperbot_mapping/share/bumperbot_mapping/environment/ament_prefix_path.sh
[0.812s] -- Up-to-date: /home/vboxuser/bumperbot_ws/install/bumperbot_mapping/share/bumperbot_mapping/environment/ament_prefix_path.dsv
[0.812s] -- Up-to-date: /home/vboxuser/bumperbot_ws/install/bumperbot_mapping/share/bumperbot_mapping/environment/path.sh
[0.813s] -- Up-to-date: /home/vboxuser/bumperbot_ws/install/bumperbot_mapping/share/bumperbot_mapping/environment/path.dsv
[0.813s] -- Up-to-date: /home/vboxuser/bumperbot_ws/install/bumperbot_mapping/share/bumperbot_mapping/local_setup.bash
[0.813s] -- Up-to-date: /home/vboxuser/bumperbot_ws/install/bumperbot_mapping/share/bumperbot_mapping/local_setup.sh
[0.813s] -- Up-to-date: /home/vboxuser/bumperbot_ws/install/bumperbot_mapping/share/bumperbot_mapping/local_setup.zsh
[0.814s] -- Up-to-date: /home/vboxuser/bumperbot_ws/install/bumperbot_mapping/share/bumperbot_mapping/local_setup.dsv
[0.814s] -- Installing: /home/vboxuser/bumperbot_ws/install/bumperbot_mapping/share/bumperbot_mapping/package.dsv
[0.814s] -- Up-to-date: /home/vboxuser/bumperbot_ws/install/bumperbot_mapping/share/ament_index/resource_index/packages/bumperbot_mapping
[0.814s] -- Up-to-date: /home/vboxuser/bumperbot_ws/install/bumperbot_mapping/share/bumperbot_mapping/cmake/bumperbot_mappingConfig.cmake
[0.814s] -- Up-to-date: /home/vboxuser/bumperbot_ws/install/bumperbot_mapping/share/bumperbot_mapping/cmake/bumperbot_mappingConfig-version.cmake
[0.814s] -- Up-to-date: /home/vboxuser/bumperbot_ws/install/bumperbot_mapping/share/bumperbot_mapping/package.xml
[1.018s] Invoked command in '/home/vboxuser/bumperbot_ws/build/bumperbot_mapping' returned '0': CMAKE_PREFIX_PATH=${CMAKE_PREFIX_PATH}:/home/vboxuser/bumperbot_ws/install/bumperbot_py_examples:/opt/ros/jazzy DEBUGINFOD_URLS=https://debuginfod.ubuntu.com /usr/bin/cmake --install /home/vboxuser/bumperbot_ws/build/bumperbot_mapping
