-- The C compiler identification is GNU 13.3.0
-- The CXX compiler identification is GNU 13.3.0
-- Detecting C compiler ABI info
-- Detecting C compiler ABI info - done
-- Check for working C compiler: /usr/bin/cc - skipped
-- Detecting C compile features
-- Detecting C compile features - done
-- Detecting CXX compiler ABI info
-- Detecting CXX compiler ABI info - done
-- Check for working CXX compiler: /usr/bin/c++ - skipped
-- Detecting CXX compile features
-- Detecting CXX compile features - done
-- Found ament_cmake: 2.5.5 (/opt/ros/jazzy/share/ament_cmake/cmake)
-- Found Python3: /usr/bin/python3 (found version "3.12.3") found components: Interpreter 
-- Found rclcpp: 28.1.16 (/opt/ros/jazzy/share/rclcpp/cmake)
-- Found rosidl_generator_c: 4.6.7 (/opt/ros/jazzy/share/rosidl_generator_c/cmake)
-- Found rosidl_generator_cpp: 4.6.7 (/opt/ros/jazzy/share/rosidl_generator_cpp/cmake)
-- Using all available rosidl_typesupport_c: rosidl_typesupport_fastrtps_c;rosidl_typesupport_introspection_c
-- Using all available rosidl_typesupport_cpp: rosidl_typesupport_fastrtps_cpp;rosidl_typesupport_introspection_cpp
-- Found rmw_implementation_cmake: 7.3.3 (/opt/ros/jazzy/share/rmw_implementation_cmake/cmake)
-- Found rmw_fastrtps_cpp: 8.4.3 (/opt/ros/jazzy/share/rmw_fastrtps_cpp/cmake)
-- Found OpenSSL: /usr/lib/x86_64-linux-gnu/libcrypto.so (found version "3.0.13")  
-- Found FastRTPS: /opt/ros/jazzy/include (Required is at least version "2.13") 
-- Using RMW implementation 'rmw_fastrtps_cpp' as default
-- Found rclpy: 7.1.9 (/opt/ros/jazzy/share/rclpy/cmake)
-- Found std_msgs: 5.3.6 (/opt/ros/jazzy/share/std_msgs/cmake)
-- Found hardware_interface: 4.42.2 (/opt/ros/jazzy/share/hardware_interface/cmake)
-- Found PkgConfig: /usr/bin/pkg-config (found version "1.8.1") 
-- Checking for module 'libserial'
--   Found libserial, version 1.0.0
-- Configuring done (1.6s)
-- Generating done (0.0s)
-- Build files have been written to: /home/vboxuser/bumperbot_ws/build/bumperbot_firmware
[  0%] Built target ament_cmake_python_copy_bumperbot_firmware
running egg_info
creating bumperbot_firmware.egg-info
writing bumperbot_firmware.egg-info/PKG-INFO
writing dependency_links to bumperbot_firmware.egg-info/dependency_links.txt
writing top-level names to bumperbot_firmware.egg-info/top_level.txt
writing manifest file 'bumperbot_firmware.egg-info/SOURCES.txt'
reading manifest file 'bumperbot_firmware.egg-info/SOURCES.txt'
writing manifest file 'bumperbot_firmware.egg-info/SOURCES.txt'
[  0%] Built target ament_cmake_python_build_bumperbot_firmware_egg
[ 16%] [32mBuilding CXX object CMakeFiles/bumperbot_firmware.dir/src/bumperbot_interface.cpp.o[0m
[01m[K/home/vboxuser/bumperbot_ws/src/bumperbot_firmware/src/bumperbot_interface.cpp:[m[K In member function ‘[01m[Kvirtual bumperbot_firmware::CallbackReturn bumperbot_firmware::BumperbotInterface::[01;32m[Kon_init[m[K(const hardware_interface::HardwareInfo&)[m[K’:
[01m[K/home/vboxuser/bumperbot_ws/src/bumperbot_firmware/src/bumperbot_interface.cpp:32:71:[m[K [01;35m[Kwarning: [m[K‘[01m[Kvirtual rclcpp_lifecycle::node_interfaces::LifecycleNodeInterface::CallbackReturn hardware_interface::HardwareComponentInterface::[01;32m[Kon_init[m[K(const hardware_interface::HardwareInfo&)[m[K’ is deprecated: Use on_init(const HardwareComponentInterfaceParams & params) instead. [[01;35m[K]8;;https://gcc.gnu.org/onlinedocs/gcc/Warning-Options.html#index-Wdeprecated-declarations-Wdeprecated-declarations]8;;[m[K]
   32 | Return result = [01;35m[Khardware_interface::SystemInterface::on_init(hardware_info)[m[K;
      |                 [01;35m[K~~~~~~~~~~~~~~~~~~~~~~~~~~~~~~~~~~~~~~~~~~~~^~~~~~~~~~~~~~~[m[K

In file included from [01m[K/opt/ros/jazzy/include/hardware_interface/hardware_interface/system_interface.hpp:18[m[K,
                 from [01m[K/home/vboxuser/bumperbot_ws/src/bumperbot_firmware/include/bumperbot_firmware/bumperbot_interface.hpp:5[m[K,
                 from [01m[K/home/vboxuser/bumperbot_ws/src/bumperbot_firmware/src/bumperbot_interface.cpp:1[m[K:
[01m[K/opt/ros/jazzy/include/hardware_interface/hardware_interface/hardware_component_interface.hpp:140:26:[m[K [01;36m[Knote: [m[Kdeclared here
  140 |   virtual CallbackReturn [01;36m[Kon_init[m[K(const HardwareInfo & hardware_info);
      |                          [01;36m[K^~~~~~~[m[K
[ 33%] [32m[1mLinking CXX shared library libbumperbot_firmware.so[0m
[ 33%] Built target bumperbot_firmware
[ 50%] [32mBuilding CXX object CMakeFiles/simple_serial_receiver.dir/src/simple_serial_receiver.cpp.o[0m
[ 66%] [32m[1mLinking CXX executable simple_serial_receiver[0m
[ 66%] Built target simple_serial_receiver
[ 83%] [32mBuilding CXX object CMakeFiles/simple_serial_transmitter.dir/src/simple_serial_transmitter.cpp.o[0m
[100%] [32m[1mLinking CXX executable simple_serial_transmitter[0m
[100%] Built target simple_serial_transmitter
-- Install configuration: ""
-- Installing: /home/vboxuser/bumperbot_ws/install/bumperbot_firmware/share/bumperbot_firmware/environment/pythonpath.sh
-- Installing: /home/vboxuser/bumperbot_ws/install/bumperbot_firmware/share/bumperbot_firmware/environment/pythonpath.dsv
-- Installing: /home/vboxuser/bumperbot_ws/install/bumperbot_firmware/lib/python3.12/site-packages/bumperbot_firmware-0.0.0-py3.12.egg-info
-- Installing: /home/vboxuser/bumperbot_ws/install/bumperbot_firmware/lib/python3.12/site-packages/bumperbot_firmware-0.0.0-py3.12.egg-info/dependency_links.txt
-- Installing: /home/vboxuser/bumperbot_ws/install/bumperbot_firmware/lib/python3.12/site-packages/bumperbot_firmware-0.0.0-py3.12.egg-info/PKG-INFO
-- Installing: /home/vboxuser/bumperbot_ws/install/bumperbot_firmware/lib/python3.12/site-packages/bumperbot_firmware-0.0.0-py3.12.egg-info/SOURCES.txt
-- Installing: /home/vboxuser/bumperbot_ws/install/bumperbot_firmware/lib/python3.12/site-packages/bumperbot_firmware-0.0.0-py3.12.egg-info/top_level.txt
-- Installing: /home/vboxuser/bumperbot_ws/install/bumperbot_firmware/lib/python3.12/site-packages/bumperbot_firmware
-- Installing: /home/vboxuser/bumperbot_ws/install/bumperbot_firmware/lib/python3.12/site-packages/bumperbot_firmware/__init__.py
-- Installing: /home/vboxuser/bumperbot_ws/install/bumperbot_firmware/lib/python3.12/site-packages/bumperbot_firmware/simple_serial_transmitter.py
-- Installing: /home/vboxuser/bumperbot_ws/install/bumperbot_firmware/lib/python3.12/site-packages/bumperbot_firmware/simple_serial_receiver.py
-- Installing: /home/vboxuser/bumperbot_ws/install/bumperbot_firmware/lib/python3.12/site-packages/bumperbot_firmware/mpu6050_driver.py
Listing '/home/vboxuser/bumperbot_ws/install/bumperbot_firmware/lib/python3.12/site-packages/bumperbot_firmware'...
Compiling '/home/vboxuser/bumperbot_ws/install/bumperbot_firmware/lib/python3.12/site-packages/bumperbot_firmware/__init__.py'...
Compiling '/home/vboxuser/bumperbot_ws/install/bumperbot_firmware/lib/python3.12/site-packages/bumperbot_firmware/mpu6050_driver.py'...
Compiling '/home/vboxuser/bumperbot_ws/install/bumperbot_firmware/lib/python3.12/site-packages/bumperbot_firmware/simple_serial_receiver.py'...
Compiling '/home/vboxuser/bumperbot_ws/install/bumperbot_firmware/lib/python3.12/site-packages/bumperbot_firmware/simple_serial_transmitter.py'...
-- Installing: /home/vboxuser/bumperbot_ws/install/bumperbot_firmware/share/bumperbot_firmware/bumperbot_interface.xml
-- Installing: /home/vboxuser/bumperbot_ws/install/bumperbot_firmware/lib/libbumperbot_firmware.so
-- Set non-toolchain portion of runtime path of "/home/vboxuser/bumperbot_ws/install/bumperbot_firmware/lib/libbumperbot_firmware.so" to ""
-- Installing: /home/vboxuser/bumperbot_ws/install/bumperbot_firmware/include/include
-- Installing: /home/vboxuser/bumperbot_ws/install/bumperbot_firmware/include/include/bumperbot_firmware
-- Installing: /home/vboxuser/bumperbot_ws/install/bumperbot_firmware/include/include/bumperbot_firmware/bumperbot_interface.hpp
-- Installing: /home/vboxuser/bumperbot_ws/install/bumperbot_firmware/share/bumperbot_firmware/launch
-- Installing: /home/vboxuser/bumperbot_ws/install/bumperbot_firmware/share/bumperbot_firmware/launch/hardware_interface.launch.py
-- Installing: /home/vboxuser/bumperbot_ws/install/bumperbot_firmware/lib/bumperbot_firmware/simple_serial_transmitter.py
-- Installing: /home/vboxuser/bumperbot_ws/install/bumperbot_firmware/lib/bumperbot_firmware/simple_serial_receiver.py
-- Installing: /home/vboxuser/bumperbot_ws/install/bumperbot_firmware/lib/bumperbot_firmware/mpu6050_driver.py
-- Installing: /home/vboxuser/bumperbot_ws/install/bumperbot_firmware/lib/bumperbot_firmware/simple_serial_receiver
-- Set non-toolchain portion of runtime path of "/home/vboxuser/bumperbot_ws/install/bumperbot_firmware/lib/bumperbot_firmware/simple_serial_receiver" to ""
-- Installing: /home/vboxuser/bumperbot_ws/install/bumperbot_firmware/lib/bumperbot_firmware/simple_serial_transmitter
-- Set non-toolchain portion of runtime path of "/home/vboxuser/bumperbot_ws/install/bumperbot_firmware/lib/bumperbot_firmware/simple_serial_transmitter" to ""
-- Installing: /home/vboxuser/bumperbot_ws/install/bumperbot_firmware/share/bumperbot_firmware/environment/library_path.sh
-- Installing: /home/vboxuser/bumperbot_ws/install/bumperbot_firmware/share/bumperbot_firmware/environment/library_path.dsv
-- Installing: /home/vboxuser/bumperbot_ws/install/bumperbot_firmware/share/ament_index/resource_index/package_run_dependencies/bumperbot_firmware
-- Installing: /home/vboxuser/bumperbot_ws/install/bumperbot_firmware/share/ament_index/resource_index/parent_prefix_path/bumperbot_firmware
-- Installing: /home/vboxuser/bumperbot_ws/install/bumperbot_firmware/share/bumperbot_firmware/environment/ament_prefix_path.sh
-- Installing: /home/vboxuser/bumperbot_ws/install/bumperbot_firmware/share/bumperbot_firmware/environment/ament_prefix_path.dsv
-- Installing: /home/vboxuser/bumperbot_ws/install/bumperbot_firmware/share/bumperbot_firmware/environment/path.sh
-- Installing: /home/vboxuser/bumperbot_ws/install/bumperbot_firmware/share/bumperbot_firmware/environment/path.dsv
-- Installing: /home/vboxuser/bumperbot_ws/install/bumperbot_firmware/share/bumperbot_firmware/local_setup.bash
-- Installing: /home/vboxuser/bumperbot_ws/install/bumperbot_firmware/share/bumperbot_firmware/local_setup.sh
-- Installing: /home/vboxuser/bumperbot_ws/install/bumperbot_firmware/share/bumperbot_firmware/local_setup.zsh
-- Installing: /home/vboxuser/bumperbot_ws/install/bumperbot_firmware/share/bumperbot_firmware/local_setup.dsv
-- Installing: /home/vboxuser/bumperbot_ws/install/bumperbot_firmware/share/bumperbot_firmware/package.dsv
-- Installing: /home/vboxuser/bumperbot_ws/install/bumperbot_firmware/share/ament_index/resource_index/packages/bumperbot_firmware
-- Installing: /home/vboxuser/bumperbot_ws/install/bumperbot_firmware/share/ament_index/resource_index/hardware_interface__pluginlib__plugin/bumperbot_firmware
-- Installing: /home/vboxuser/bumperbot_ws/install/bumperbot_firmware/share/bumperbot_firmware/cmake/ament_cmake_export_include_directories-extras.cmake
-- Installing: /home/vboxuser/bumperbot_ws/install/bumperbot_firmware/share/bumperbot_firmware/cmake/ament_cmake_export_libraries-extras.cmake
-- Installing: /home/vboxuser/bumperbot_ws/install/bumperbot_firmware/share/bumperbot_firmware/cmake/ament_cmake_export_dependencies-extras.cmake
-- Installing: /home/vboxuser/bumperbot_ws/install/bumperbot_firmware/share/bumperbot_firmware/cmake/bumperbot_firmwareConfig.cmake
-- Installing: /home/vboxuser/bumperbot_ws/install/bumperbot_firmware/share/bumperbot_firmware/cmake/bumperbot_firmwareConfig-version.cmake
-- Installing: /home/vboxuser/bumperbot_ws/install/bumperbot_firmware/share/bumperbot_firmware/package.xml
