[1.133s] Invoking command in '/home/vboxuser/bumperbot_ws/src/bumperbot_py_examples': AMENT_PREFIX_PATH=/home/vboxuser/bumperbot_ws/install/bumperbot_msgs:${AMENT_PREFIX_PATH} CMAKE_PREFIX_PATH=/home/vboxuser/bumperbot_ws/install/bumperbot_msgs:${CMAKE_PREFIX_PATH} DEBUGINFOD_URLS=https://debuginfod.ubuntu.com LD_LIBRARY_PATH=/home/vboxuser/bumperbot_ws/install/bumperbot_msgs/lib:${LD_LIBRARY_PATH} PYTHONPATH=/home/vboxuser/bumperbot_ws/build/bumperbot_py_examples/prefix_override:/usr/lib/python3/dist-packages/colcon_core/task/python/colcon_distutils_commands:/home/vboxuser/bumperbot_ws/install/bumperbot_py_examples/lib/python3.12/site-packages:/home/vboxuser/bumperbot_ws/install/bumperbot_msgs/lib/python3.12/site-packages:${PYTHONPATH} /usr/bin/python3 -W ignore:setup.py install is deprecated -W ignore:easy_install command is deprecated setup.py egg_info --egg-base ../../build/bumperbot_py_examples build --build-base /home/vboxuser/bumperbot_ws/build/bumperbot_py_examples/build install --record /home/vboxuser/bumperbot_ws/build/bumperbot_py_examples/install.log --single-version-externally-managed install_data
[1.351s] running egg_info
[1.352s] creating ../../build/bumperbot_py_examples/bumperbot_py_examples.egg-info
[1.376s] writing ../../build/bumperbot_py_examples/bumperbot_py_examples.egg-info/PKG-INFO
[1.376s] writing dependency_links to ../../build/bumperbot_py_examples/bumperbot_py_examples.egg-info/dependency_links.txt
[1.376s] writing entry points to ../../build/bumperbot_py_examples/bumperbot_py_examples.egg-info/entry_points.txt
[1.376s] writing requirements to ../../build/bumperbot_py_examples/bumperbot_py_examples.egg-info/requires.txt
[1.376s] writing top-level names to ../../build/bumperbot_py_examples/bumperbot_py_examples.egg-info/top_level.txt
[1.376s] writing manifest file '../../build/bumperbot_py_examples/bumperbot_py_examples.egg-info/SOURCES.txt'
[1.411s] reading manifest file '../../build/bumperbot_py_examples/bumperbot_py_examples.egg-info/SOURCES.txt'
[1.412s] writing manifest file '../../build/bumperbot_py_examples/bumperbot_py_examples.egg-info/SOURCES.txt'
[1.413s] running build
[1.413s] running build_py
[1.413s] creating /home/vboxuser/bumperbot_ws/build/bumperbot_py_examples/build
[1.413s] creating /home/vboxuser/bumperbot_ws/build/bumperbot_py_examples/build/lib
[1.413s] creating /home/vboxuser/bumperbot_ws/build/bumperbot_py_examples/build/lib/bumperbot_py_examples
[1.414s] copying bumperbot_py_examples/simple_parameter.py -> /home/vboxuser/bumperbot_ws/build/bumperbot_py_examples/build/lib/bumperbot_py_examples
[1.414s] copying bumperbot_py_examples/__init__.py -> /home/vboxuser/bumperbot_ws/build/bumperbot_py_examples/build/lib/bumperbot_py_examples
[1.414s] copying bumperbot_py_examples/simple_service_server.py -> /home/vboxuser/bumperbot_ws/build/bumperbot_py_examples/build/lib/bumperbot_py_examples
[1.416s] copying bumperbot_py_examples/simple_qos_publisher.py -> /home/vboxuser/bumperbot_ws/build/bumperbot_py_examples/build/lib/bumperbot_py_examples
[1.416s] copying bumperbot_py_examples/simple_publisher.py -> /home/vboxuser/bumperbot_ws/build/bumperbot_py_examples/build/lib/bumperbot_py_examples
[1.416s] copying bumperbot_py_examples/simple_subscriber.py -> /home/vboxuser/bumperbot_ws/build/bumperbot_py_examples/build/lib/bumperbot_py_examples
[1.417s] copying bumperbot_py_examples/simple_action_server.py -> /home/vboxuser/bumperbot_ws/build/bumperbot_py_examples/build/lib/bumperbot_py_examples
[1.418s] copying bumperbot_py_examples/simple_service_client.py -> /home/vboxuser/bumperbot_ws/build/bumperbot_py_examples/build/lib/bumperbot_py_examples
[1.418s] copying bumperbot_py_examples/simple_turtlesim_kinematics.py -> /home/vboxuser/bumperbot_ws/build/bumperbot_py_examples/build/lib/bumperbot_py_examples
[1.419s] copying bumperbot_py_examples/simple_action_client.py -> /home/vboxuser/bumperbot_ws/build/bumperbot_py_examples/build/lib/bumperbot_py_examples
[1.420s] copying bumperbot_py_examples/simple_tf_kinematics.py -> /home/vboxuser/bumperbot_ws/build/bumperbot_py_examples/build/lib/bumperbot_py_examples
[1.420s] copying bumperbot_py_examples/simple_qos_subscriber.py -> /home/vboxuser/bumperbot_ws/build/bumperbot_py_examples/build/lib/bumperbot_py_examples
[1.421s] copying bumperbot_py_examples/simple_lifecycle_node.py -> /home/vboxuser/bumperbot_ws/build/bumperbot_py_examples/build/lib/bumperbot_py_examples
[1.425s] running install
[1.425s] running install_lib
[1.438s] creating /home/vboxuser/bumperbot_ws/install/bumperbot_py_examples/lib/python3.12/site-packages/bumperbot_py_examples
[1.438s] copying /home/vboxuser/bumperbot_ws/build/bumperbot_py_examples/build/lib/bumperbot_py_examples/simple_parameter.py -> /home/vboxuser/bumperbot_ws/install/bumperbot_py_examples/lib/python3.12/site-packages/bumperbot_py_examples
[1.438s] copying /home/vboxuser/bumperbot_ws/build/bumperbot_py_examples/build/lib/bumperbot_py_examples/__init__.py -> /home/vboxuser/bumperbot_ws/install/bumperbot_py_examples/lib/python3.12/site-packages/bumperbot_py_examples
[1.438s] copying /home/vboxuser/bumperbot_ws/build/bumperbot_py_examples/build/lib/bumperbot_py_examples/simple_service_server.py -> /home/vboxuser/bumperbot_ws/install/bumperbot_py_examples/lib/python3.12/site-packages/bumperbot_py_examples
[1.438s] copying /home/vboxuser/bumperbot_ws/build/bumperbot_py_examples/build/lib/bumperbot_py_examples/simple_qos_publisher.py -> /home/vboxuser/bumperbot_ws/install/bumperbot_py_examples/lib/python3.12/site-packages/bumperbot_py_examples
[1.447s] copying /home/vboxuser/bumperbot_ws/build/bumperbot_py_examples/build/lib/bumperbot_py_examples/simple_publisher.py -> /home/vboxuser/bumperbot_ws/install/bumperbot_py_examples/lib/python3.12/site-packages/bumperbot_py_examples
[1.447s] copying /home/vboxuser/bumperbot_ws/build/bumperbot_py_examples/build/lib/bumperbot_py_examples/simple_subscriber.py -> /home/vboxuser/bumperbot_ws/install/bumperbot_py_examples/lib/python3.12/site-packages/bumperbot_py_examples
[1.447s] copying /home/vboxuser/bumperbot_ws/build/bumperbot_py_examples/build/lib/bumperbot_py_examples/simple_action_server.py -> /home/vboxuser/bumperbot_ws/install/bumperbot_py_examples/lib/python3.12/site-packages/bumperbot_py_examples
[1.447s] copying /home/vboxuser/bumperbot_ws/build/bumperbot_py_examples/build/lib/bumperbot_py_examples/simple_service_client.py -> /home/vboxuser/bumperbot_ws/install/bumperbot_py_examples/lib/python3.12/site-packages/bumperbot_py_examples
[1.447s] copying /home/vboxuser/bumperbot_ws/build/bumperbot_py_examples/build/lib/bumperbot_py_examples/simple_turtlesim_kinematics.py -> /home/vboxuser/bumperbot_ws/install/bumperbot_py_examples/lib/python3.12/site-packages/bumperbot_py_examples
[1.447s] copying /home/vboxuser/bumperbot_ws/build/bumperbot_py_examples/build/lib/bumperbot_py_examples/simple_action_client.py -> /home/vboxuser/bumperbot_ws/install/bumperbot_py_examples/lib/python3.12/site-packages/bumperbot_py_examples
[1.447s] copying /home/vboxuser/bumperbot_ws/build/bumperbot_py_examples/build/lib/bumperbot_py_examples/simple_tf_kinematics.py -> /home/vboxuser/bumperbot_ws/install/bumperbot_py_examples/lib/python3.12/site-packages/bumperbot_py_examples
[1.447s] copying /home/vboxuser/bumperbot_ws/build/bumperbot_py_examples/build/lib/bumperbot_py_examples/simple_qos_subscriber.py -> /home/vboxuser/bumperbot_ws/install/bumperbot_py_examples/lib/python3.12/site-packages/bumperbot_py_examples
[1.447s] copying /home/vboxuser/bumperbot_ws/build/bumperbot_py_examples/build/lib/bumperbot_py_examples/simple_lifecycle_node.py -> /home/vboxuser/bumperbot_ws/install/bumperbot_py_examples/lib/python3.12/site-packages/bumperbot_py_examples
[1.447s] byte-compiling /home/vboxuser/bumperbot_ws/install/bumperbot_py_examples/lib/python3.12/site-packages/bumperbot_py_examples/simple_parameter.py to simple_parameter.cpython-312.pyc
[1.447s] byte-compiling /home/vboxuser/bumperbot_ws/install/bumperbot_py_examples/lib/python3.12/site-packages/bumperbot_py_examples/__init__.py to __init__.cpython-312.pyc
[1.448s] byte-compiling /home/vboxuser/bumperbot_ws/install/bumperbot_py_examples/lib/python3.12/site-packages/bumperbot_py_examples/simple_service_server.py to simple_service_server.cpython-312.pyc
[1.448s] byte-compiling /home/vboxuser/bumperbot_ws/install/bumperbot_py_examples/lib/python3.12/site-packages/bumperbot_py_examples/simple_qos_publisher.py to simple_qos_publisher.cpython-312.pyc
[1.448s] byte-compiling /home/vboxuser/bumperbot_ws/install/bumperbot_py_examples/lib/python3.12/site-packages/bumperbot_py_examples/simple_publisher.py to simple_publisher.cpython-312.pyc
[1.448s] byte-compiling /home/vboxuser/bumperbot_ws/install/bumperbot_py_examples/lib/python3.12/site-packages/bumperbot_py_examples/simple_subscriber.py to simple_subscriber.cpython-312.pyc
[1.448s] byte-compiling /home/vboxuser/bumperbot_ws/install/bumperbot_py_examples/lib/python3.12/site-packages/bumperbot_py_examples/simple_action_server.py to simple_action_server.cpython-312.pyc
[1.448s] byte-compiling /home/vboxuser/bumperbot_ws/install/bumperbot_py_examples/lib/python3.12/site-packages/bumperbot_py_examples/simple_service_client.py to simple_service_client.cpython-312.pyc
[1.448s] byte-compiling /home/vboxuser/bumperbot_ws/install/bumperbot_py_examples/lib/python3.12/site-packages/bumperbot_py_examples/simple_turtlesim_kinematics.py to simple_turtlesim_kinematics.cpython-312.pyc
[1.448s] byte-compiling /home/vboxuser/bumperbot_ws/install/bumperbot_py_examples/lib/python3.12/site-packages/bumperbot_py_examples/simple_action_client.py to simple_action_client.cpython-312.pyc
[1.448s] byte-compiling /home/vboxuser/bumperbot_ws/install/bumperbot_py_examples/lib/python3.12/site-packages/bumperbot_py_examples/simple_tf_kinematics.py to simple_tf_kinematics.cpython-312.pyc
[1.448s] byte-compiling /home/vboxuser/bumperbot_ws/install/bumperbot_py_examples/lib/python3.12/site-packages/bumperbot_py_examples/simple_qos_subscriber.py to simple_qos_subscriber.cpython-312.pyc
[1.448s] byte-compiling /home/vboxuser/bumperbot_ws/install/bumperbot_py_examples/lib/python3.12/site-packages/bumperbot_py_examples/simple_lifecycle_node.py to simple_lifecycle_node.cpython-312.pyc
[1.448s] running install_data
[1.448s] creating /home/vboxuser/bumperbot_ws/install/bumperbot_py_examples/share/ament_index
[1.448s] creating /home/vboxuser/bumperbot_ws/install/bumperbot_py_examples/share/ament_index/resource_index
[1.448s] creating /home/vboxuser/bumperbot_ws/install/bumperbot_py_examples/share/ament_index/resource_index/packages
[1.448s] copying resource/bumperbot_py_examples -> /home/vboxuser/bumperbot_ws/install/bumperbot_py_examples/share/ament_index/resource_index/packages
[1.448s] copying package.xml -> /home/vboxuser/bumperbot_ws/install/bumperbot_py_examples/share/bumperbot_py_examples
[1.448s] running install_egg_info
[1.459s] Copying ../../build/bumperbot_py_examples/bumperbot_py_examples.egg-info to /home/vboxuser/bumperbot_ws/install/bumperbot_py_examples/lib/python3.12/site-packages/bumperbot_py_examples-0.0.0-py3.12.egg-info
[1.459s] running install_scripts
[1.562s] Installing simple_action_client script to /home/vboxuser/bumperbot_ws/install/bumperbot_py_examples/lib/bumperbot_py_examples
[1.562s] Installing simple_action_server script to /home/vboxuser/bumperbot_ws/install/bumperbot_py_examples/lib/bumperbot_py_examples
[1.562s] Installing simple_lifecycle_node script to /home/vboxuser/bumperbot_ws/install/bumperbot_py_examples/lib/bumperbot_py_examples
[1.562s] Installing simple_parameter script to /home/vboxuser/bumperbot_ws/install/bumperbot_py_examples/lib/bumperbot_py_examples
[1.562s] Installing simple_publisher script to /home/vboxuser/bumperbot_ws/install/bumperbot_py_examples/lib/bumperbot_py_examples
[1.563s] Installing simple_qos_publisher script to /home/vboxuser/bumperbot_ws/install/bumperbot_py_examples/lib/bumperbot_py_examples
[1.563s] Installing simple_qos_subscriber script to /home/vboxuser/bumperbot_ws/install/bumperbot_py_examples/lib/bumperbot_py_examples
[1.563s] Installing simple_service_client script to /home/vboxuser/bumperbot_ws/install/bumperbot_py_examples/lib/bumperbot_py_examples
[1.563s] Installing simple_service_server script to /home/vboxuser/bumperbot_ws/install/bumperbot_py_examples/lib/bumperbot_py_examples
[1.563s] Installing simple_subscriber script to /home/vboxuser/bumperbot_ws/install/bumperbot_py_examples/lib/bumperbot_py_examples
[1.563s] Installing simple_tf_kinematics script to /home/vboxuser/bumperbot_ws/install/bumperbot_py_examples/lib/bumperbot_py_examples
[1.563s] Installing simple_turtlesim_kinematics script to /home/vboxuser/bumperbot_ws/install/bumperbot_py_examples/lib/bumperbot_py_examples
[1.572s] writing list of installed files to '/home/vboxuser/bumperbot_ws/build/bumperbot_py_examples/install.log'
[1.597s] Invoked command in '/home/vboxuser/bumperbot_ws/src/bumperbot_py_examples' returned '0': AMENT_PREFIX_PATH=/home/vboxuser/bumperbot_ws/install/bumperbot_msgs:${AMENT_PREFIX_PATH} CMAKE_PREFIX_PATH=/home/vboxuser/bumperbot_ws/install/bumperbot_msgs:${CMAKE_PREFIX_PATH} DEBUGINFOD_URLS=https://debuginfod.ubuntu.com LD_LIBRARY_PATH=/home/vboxuser/bumperbot_ws/install/bumperbot_msgs/lib:${LD_LIBRARY_PATH} PYTHONPATH=/home/vboxuser/bumperbot_ws/build/bumperbot_py_examples/prefix_override:/usr/lib/python3/dist-packages/colcon_core/task/python/colcon_distutils_commands:/home/vboxuser/bumperbot_ws/install/bumperbot_py_examples/lib/python3.12/site-packages:/home/vboxuser/bumperbot_ws/install/bumperbot_msgs/lib/python3.12/site-packages:${PYTHONPATH} /usr/bin/python3 -W ignore:setup.py install is deprecated -W ignore:easy_install command is deprecated setup.py egg_info --egg-base ../../build/bumperbot_py_examples build --build-base /home/vboxuser/bumperbot_ws/build/bumperbot_py_examples/build install --record /home/vboxuser/bumperbot_ws/build/bumperbot_py_examples/install.log --single-version-externally-managed install_data
