[  3%] [32m[1mLinking CXX executable simple_service_server[0m
[ 10%] Built target simple_subscriber
[ 14%] [32m[1mLinking CXX executable simple_service_client[0m
[ 25%] [32m[1mLinking CXX executable simple_tf_kinematics[0m
[ 25%] Built target simple_publisher
[ 32%] Built target simple_parameter
[ 39%] Built target simple_turtlesim_kinematics
[ 46%] Built target simple_lifecycle_node
[ 53%] Built target simple_qos_publisher
[ 60%] Built target simple_qos_subscriber
[ 64%] [32mBuilding CXX object CMakeFiles/simple_action_server.dir/src/simple_action_server.cpp.o[0m
[ 67%] [32mBuilding CXX object CMakeFiles/simple_action_server_node.dir/rclcpp_components/node_main_simple_action_server_node.cpp.o[0m
[ 71%] [32mBuilding CXX object CMakeFiles/simple_action_client.dir/src/simple_action_client.cpp.o[0m
[ 75%] [32mBuilding CXX object CMakeFiles/simple_action_client_node.dir/rclcpp_components/node_main_simple_action_client_node.cpp.o[0m
[ 78%] [32m[1mLinking CXX executable simple_action_client_node[0m
[ 82%] [32m[1mLinking CXX executable simple_action_server_node[0m
[ 82%] Built target simple_action_client_node
[ 82%] Built target simple_action_server_node
[ 85%] [32m[1mLinking CXX shared library libsimple_action_server.so[0m
[ 89%] [32m[1mLinking CXX shared library libsimple_action_client.so[0m
