[  1%] Built target bumperbot_msgs__rosidl_generator_type_description
[  1%] Built target ament_cmake_python_copy_bumperbot_msgs
[  5%] Built target bumperbot_msgs__cpp
[ 24%] Built target bumperbot_msgs__rosidl_generator_c
[ 33%] Built target bumperbot_msgs__rosidl_typesupport_introspection_cpp
[ 42%] Built target bumperbot_msgs__rosidl_typesupport_fastrtps_c
[ 51%] Built target bumperbot_msgs__rosidl_typesupport_introspection_c
[ 61%] Built target bumperbot_msgs__rosidl_typesupport_cpp
[ 70%] Built target bumperbot_msgs__rosidl_typesupport_c
[ 79%] Built target bumperbot_msgs__rosidl_typesupport_fastrtps_cpp
[ 79%] Built target bumperbot_msgs
[ 81%] Built target bumperbot_msgs__py
running egg_info
writing bumperbot_msgs.egg-info/PKG-INFO
writing dependency_links to bumperbot_msgs.egg-info/dependency_links.txt
writing top-level names to bumperbot_msgs.egg-info/top_level.txt
[ 88%] Built target bumperbot_msgs__rosidl_generator_py
[ 92%] Built target bumperbot_msgs_s__rosidl_typesupport_introspection_c
[ 96%] Built target bumperbot_msgs_s__rosidl_typesupport_c
reading manifest file 'bumperbot_msgs.egg-info/SOURCES.txt'
[100%] Built target bumperbot_msgs_s__rosidl_typesupport_fastrtps_c
writing manifest file 'bumperbot_msgs.egg-info/SOURCES.txt'
[100%] Built target ament_cmake_python_build_bumperbot_msgs_egg
