[1.216s] Invoking command in '/home/vboxuser/bumperbot_ws/src/bumperbot_py_examples': AMENT_PREFIX_PATH=/home/vboxuser/bumperbot_ws/install/bumperbot_msgs:${AMENT_PREFIX_PATH} CMAKE_PREFIX_PATH=/home/vboxuser/bumperbot_ws/install/bumperbot_msgs:${CMAKE_PREFIX_PATH} DEBUGINFOD_URLS=https://debuginfod.ubuntu.com LD_LIBRARY_PATH=/home/vboxuser/bumperbot_ws/install/bumperbot_msgs/lib:${LD_LIBRARY_PATH} PYTHONPATH=/home/vboxuser/bumperbot_ws/build/bumperbot_py_examples/prefix_override:/usr/lib/python3/dist-packages/colcon_core/task/python/colcon_distutils_commands:/home/vboxuser/bumperbot_ws/install/bumperbot_py_examples/lib/python3.12/site-packages:/home/vboxuser/bumperbot_ws/install/bumperbot_msgs/lib/python3.12/site-packages:${PYTHONPATH} /usr/bin/python3 -W ignore:setup.py install is deprecated -W ignore:easy_install command is deprecated setup.py egg_info --egg-base ../../build/bumperbot_py_examples build --build-base /home/vboxuser/bumperbot_ws/build/bumperbot_py_examples/build install --record /home/vboxuser/bumperbot_ws/build/bumperbot_py_examples/install.log --single-version-externally-managed install_data
[1.445s] running egg_info
[1.456s] writing ../../build/bumperbot_py_examples/bumperbot_py_examples.egg-info/PKG-INFO
[1.459s] writing dependency_links to ../../build/bumperbot_py_examples/bumperbot_py_examples.egg-info/dependency_links.txt
[1.459s] writing entry points to ../../build/bumperbot_py_examples/bumperbot_py_examples.egg-info/entry_points.txt
[1.460s] writing requirements to ../../build/bumperbot_py_examples/bumperbot_py_examples.egg-info/requires.txt
[1.460s] writing top-level names to ../../build/bumperbot_py_examples/bumperbot_py_examples.egg-info/top_level.txt
[1.487s] reading manifest file '../../build/bumperbot_py_examples/bumperbot_py_examples.egg-info/SOURCES.txt'
[1.488s] writing manifest file '../../build/bumperbot_py_examples/bumperbot_py_examples.egg-info/SOURCES.txt'
[1.489s] running build
[1.489s] running build_py
[1.494s] running install
[1.494s] running install_lib
[1.507s] running install_data
[1.509s] running install_egg_info
[1.522s] removing '/home/vboxuser/bumperbot_ws/install/bumperbot_py_examples/lib/python3.12/site-packages/bumperbot_py_examples-0.0.0-py3.12.egg-info' (and everything under it)
[1.522s] Copying ../../build/bumperbot_py_examples/bumperbot_py_examples.egg-info to /home/vboxuser/bumperbot_ws/install/bumperbot_py_examples/lib/python3.12/site-packages/bumperbot_py_examples-0.0.0-py3.12.egg-info
[1.523s] running install_scripts
[1.615s] Installing simple_action_client script to /home/vboxuser/bumperbot_ws/install/bumperbot_py_examples/lib/bumperbot_py_examples
[1.616s] Installing simple_action_server script to /home/vboxuser/bumperbot_ws/install/bumperbot_py_examples/lib/bumperbot_py_examples
[1.617s] Installing simple_lifecycle_node script to /home/vboxuser/bumperbot_ws/install/bumperbot_py_examples/lib/bumperbot_py_examples
[1.617s] Installing simple_parameter script to /home/vboxuser/bumperbot_ws/install/bumperbot_py_examples/lib/bumperbot_py_examples
[1.618s] Installing simple_publisher script to /home/vboxuser/bumperbot_ws/install/bumperbot_py_examples/lib/bumperbot_py_examples
[1.618s] Installing simple_qos_publisher script to /home/vboxuser/bumperbot_ws/install/bumperbot_py_examples/lib/bumperbot_py_examples
[1.619s] Installing simple_qos_subscriber script to /home/vboxuser/bumperbot_ws/install/bumperbot_py_examples/lib/bumperbot_py_examples
[1.619s] Installing simple_service_client script to /home/vboxuser/bumperbot_ws/install/bumperbot_py_examples/lib/bumperbot_py_examples
[1.619s] Installing simple_service_server script to /home/vboxuser/bumperbot_ws/install/bumperbot_py_examples/lib/bumperbot_py_examples
[1.620s] Installing simple_subscriber script to /home/vboxuser/bumperbot_ws/install/bumperbot_py_examples/lib/bumperbot_py_examples
[1.621s] Installing simple_tf_kinematics script to /home/vboxuser/bumperbot_ws/install/bumperbot_py_examples/lib/bumperbot_py_examples
[1.621s] Installing simple_turtlesim_kinematics script to /home/vboxuser/bumperbot_ws/install/bumperbot_py_examples/lib/bumperbot_py_examples
[1.621s] writing list of installed files to '/home/vboxuser/bumperbot_ws/build/bumperbot_py_examples/install.log'
[1.642s] Invoked command in '/home/vboxuser/bumperbot_ws/src/bumperbot_py_examples' returned '0': AMENT_PREFIX_PATH=/home/vboxuser/bumperbot_ws/install/bumperbot_msgs:${AMENT_PREFIX_PATH} CMAKE_PREFIX_PATH=/home/vboxuser/bumperbot_ws/install/bumperbot_msgs:${CMAKE_PREFIX_PATH} DEBUGINFOD_URLS=https://debuginfod.ubuntu.com LD_LIBRARY_PATH=/home/vboxuser/bumperbot_ws/install/bumperbot_msgs/lib:${LD_LIBRARY_PATH} PYTHONPATH=/home/vboxuser/bumperbot_ws/build/bumperbot_py_examples/prefix_override:/usr/lib/python3/dist-packages/colcon_core/task/python/colcon_distutils_commands:/home/vboxuser/bumperbot_ws/install/bumperbot_py_examples/lib/python3.12/site-packages:/home/vboxuser/bumperbot_ws/install/bumperbot_msgs/lib/python3.12/site-packages:${PYTHONPATH} /usr/bin/python3 -W ignore:setup.py install is deprecated -W ignore:easy_install command is deprecated setup.py egg_info --egg-base ../../build/bumperbot_py_examples build --build-base /home/vboxuser/bumperbot_ws/build/bumperbot_py_examples/build install --record /home/vboxuser/bumperbot_ws/build/bumperbot_py_examples/install.log --single-version-externally-managed install_data
