[0.046s] Invoking command in '/home/vboxuser/bumperbot_ws/build/bumperbot_utils': CMAKE_PREFIX_PATH=${CMAKE_PREFIX_PATH}:/opt/ros/jazzy DEBUGINFOD_URLS=https://debuginfod.ubuntu.com /usr/bin/cmake --build /home/vboxuser/bumperbot_ws/build/bumperbot_utils -- -j7 -l7
[0.169s] [100%] Built target safety_stop
[0.189s] [100%] Built target ament_cmake_python_copy_bumperbot_utils
[0.420s] running egg_info
[0.432s] writing bumperbot_utils.egg-info/PKG-INFO
[0.434s] writing dependency_links to bumperbot_utils.egg-info/dependency_links.txt
[0.435s] writing top-level names to bumperbot_utils.egg-info/top_level.txt
[0.496s] reading manifest file 'bumperbot_utils.egg-info/SOURCES.txt'
[0.508s] writing manifest file 'bumperbot_utils.egg-info/SOURCES.txt'
[0.646s] [100%] Built target ament_cmake_python_build_bumperbot_utils_egg
[0.682s] Invoked command in '/home/vboxuser/bumperbot_ws/build/bumperbot_utils' returned '0': CMAKE_PREFIX_PATH=${CMAKE_PREFIX_PATH}:/opt/ros/jazzy DEBUGINFOD_URLS=https://debuginfod.ubuntu.com /usr/bin/cmake --build /home/vboxuser/bumperbot_ws/build/bumperbot_utils -- -j7 -l7
[0.683s] Invoking command in '/home/vboxuser/bumperbot_ws/build/bumperbot_utils': CMAKE_PREFIX_PATH=${CMAKE_PREFIX_PATH}:/opt/ros/jazzy DEBUGINFOD_URLS=https://debuginfod.ubuntu.com /usr/bin/cmake --install /home/vboxuser/bumperbot_ws/build/bumperbot_utils
[0.744s] -- Install configuration: ""
[0.744s] -- Up-to-date: /home/vboxuser/bumperbot_ws/install/bumperbot_utils/share/bumperbot_utils/environment/pythonpath.sh
[0.744s] -- Up-to-date: /home/vboxuser/bumperbot_ws/install/bumperbot_utils/share/bumperbot_utils/environment/pythonpath.dsv
[0.744s] -- Up-to-date: /home/vboxuser/bumperbot_ws/install/bumperbot_utils/lib/python3.12/site-packages/bumperbot_utils-0.0.0-py3.12.egg-info
[0.745s] -- Installing: /home/vboxuser/bumperbot_ws/install/bumperbot_utils/lib/python3.12/site-packages/bumperbot_utils-0.0.0-py3.12.egg-info/dependency_links.txt
[0.745s] -- Installing: /home/vboxuser/bumperbot_ws/install/bumperbot_utils/lib/python3.12/site-packages/bumperbot_utils-0.0.0-py3.12.egg-info/PKG-INFO
[0.745s] -- Installing: /home/vboxuser/bumperbot_ws/install/bumperbot_utils/lib/python3.12/site-packages/bumperbot_utils-0.0.0-py3.12.egg-info/SOURCES.txt
[0.745s] -- Installing: /home/vboxuser/bumperbot_ws/install/bumperbot_utils/lib/python3.12/site-packages/bumperbot_utils-0.0.0-py3.12.egg-info/top_level.txt
[0.745s] -- Up-to-date: /home/vboxuser/bumperbot_ws/install/bumperbot_utils/lib/python3.12/site-packages/bumperbot_utils
[0.745s] -- Up-to-date: /home/vboxuser/bumperbot_ws/install/bumperbot_utils/lib/python3.12/site-packages/bumperbot_utils/safety_stop.py
[0.745s] -- Up-to-date: /home/vboxuser/bumperbot_ws/install/bumperbot_utils/lib/python3.12/site-packages/bumperbot_utils/__init__.py
[0.745s] Listing '/home/vboxuser/bumperbot_ws/install/bumperbot_utils/lib/python3.12/site-packages/bumperbot_utils'...
[0.745s] -- Up-to-date: /home/vboxuser/bumperbot_ws/install/bumperbot_utils/lib/bumperbot_utils/safety_stop
[0.745s] -- Up-to-date: /home/vboxuser/bumperbot_ws/install/bumperbot_utils/lib/bumperbot_utils/safety_stop.py
[0.745s] -- Up-to-date: /home/vboxuser/bumperbot_ws/install/bumperbot_utils/share/ament_index/resource_index/package_run_dependencies/bumperbot_utils
[0.745s] -- Up-to-date: /home/vboxuser/bumperbot_ws/install/bumperbot_utils/share/ament_index/resource_index/parent_prefix_path/bumperbot_utils
[0.745s] -- Up-to-date: /home/vboxuser/bumperbot_ws/install/bumperbot_utils/share/bumperbot_utils/environment/ament_prefix_path.sh
[0.745s] -- Up-to-date: /home/vboxuser/bumperbot_ws/install/bumperbot_utils/share/bumperbot_utils/environment/ament_prefix_path.dsv
[0.745s] -- Up-to-date: /home/vboxuser/bumperbot_ws/install/bumperbot_utils/share/bumperbot_utils/environment/path.sh
[0.745s] -- Up-to-date: /home/vboxuser/bumperbot_ws/install/bumperbot_utils/share/bumperbot_utils/environment/path.dsv
[0.745s] -- Up-to-date: /home/vboxuser/bumperbot_ws/install/bumperbot_utils/share/bumperbot_utils/local_setup.bash
[0.745s] -- Up-to-date: /home/vboxuser/bumperbot_ws/install/bumperbot_utils/share/bumperbot_utils/local_setup.sh
[0.745s] -- Up-to-date: /home/vboxuser/bumperbot_ws/install/bumperbot_utils/share/bumperbot_utils/local_setup.zsh
[0.745s] -- Up-to-date: /home/vboxuser/bumperbot_ws/install/bumperbot_utils/share/bumperbot_utils/local_setup.dsv
[0.745s] -- Installing: /home/vboxuser/bumperbot_ws/install/bumperbot_utils/share/bumperbot_utils/package.dsv
[0.746s] -- Up-to-date: /home/vboxuser/bumperbot_ws/install/bumperbot_utils/share/ament_index/resource_index/packages/bumperbot_utils
[0.746s] -- Up-to-date: /home/vboxuser/bumperbot_ws/install/bumperbot_utils/share/bumperbot_utils/cmake/bumperbot_utilsConfig.cmake
[0.746s] -- Up-to-date: /home/vboxuser/bumperbot_ws/install/bumperbot_utils/share/bumperbot_utils/cmake/bumperbot_utilsConfig-version.cmake
[0.746s] -- Up-to-date: /home/vboxuser/bumperbot_ws/install/bumperbot_utils/share/bumperbot_utils/package.xml
[0.961s] Invoked command in '/home/vboxuser/bumperbot_ws/build/bumperbot_utils' returned '0': CMAKE_PREFIX_PATH=${CMAKE_PREFIX_PATH}:/opt/ros/jazzy DEBUGINFOD_URLS=https://debuginfod.ubuntu.com /usr/bin/cmake --install /home/vboxuser/bumperbot_ws/build/bumperbot_utils
