-- Found ament_cmake: 2.5.5 (/opt/ros/jazzy/share/ament_cmake/cmake)
-- Found rclpy: 7.1.9 (/opt/ros/jazzy/share/rclpy/cmake)
-- Found nav_msgs: 5.3.6 (/opt/ros/jazzy/share/nav_msgs/cmake)
-- Found rosidl_generator_c: 4.6.7 (/opt/ros/jazzy/share/rosidl_generator_c/cmake)
-- Found rosidl_generator_cpp: 4.6.7 (/opt/ros/jazzy/share/rosidl_generator_cpp/cmake)
-- Using all available rosidl_typesupport_c: rosidl_typesupport_fastrtps_c;rosidl_typesupport_introspection_c
-- Using all available rosidl_typesupport_cpp: rosidl_typesupport_fastrtps_cpp;rosidl_typesupport_introspection_cpp
-- Found tf2_ros: 0.36.19 (/opt/ros/jazzy/share/tf2_ros/cmake)
-- Found rmw_implementation_cmake: 7.3.3 (/opt/ros/jazzy/share/rmw_implementation_cmake/cmake)
-- Found rmw_fastrtps_cpp: 8.4.3 (/opt/ros/jazzy/share/rmw_fastrtps_cpp/cmake)
-- Using RMW implementation 'rmw_fastrtps_cpp' as default
-- Found ament_lint_auto: 0.17.4 (/opt/ros/jazzy/share/ament_lint_auto/cmake)
-- Added test 'flake8' to check Python code syntax and style conventions
-- Configured 'flake8' exclude dirs and/or files: 
-- Added test 'lint_cmake' to check CMake code style
-- Added test 'pep257' to check Python code against some of the docstring style conventions in PEP 257
-- Added test 'xmllint' to check XML markup files
-- Configuring done (1.1s)
-- Generating done (0.0s)
-- Build files have been written to: /home/vboxuser/bumperbot_ws/build/bumperbot_planning
Built target ament_cmake_python_copy_bumperbot_planning
running egg_info
creating bumperbot_planning.egg-info
writing bumperbot_planning.egg-info/PKG-INFO
writing dependency_links to bumperbot_planning.egg-info/dependency_links.txt
writing top-level names to bumperbot_planning.egg-info/top_level.txt
writing manifest file 'bumperbot_planning.egg-info/SOURCES.txt'
reading manifest file 'bumperbot_planning.egg-info/SOURCES.txt'
writing manifest file 'bumperbot_planning.egg-info/SOURCES.txt'
Built target ament_cmake_python_build_bumperbot_planning_egg
-- Install configuration: ""
-- Installing: /home/vboxuser/bumperbot_ws/install/bumperbot_planning/share/bumperbot_planning/environment/pythonpath.sh
-- Installing: /home/vboxuser/bumperbot_ws/install/bumperbot_planning/share/bumperbot_planning/environment/pythonpath.dsv
-- Installing: /home/vboxuser/bumperbot_ws/install/bumperbot_planning/lib/python3.12/site-packages/bumperbot_planning-0.0.0-py3.12.egg-info
-- Installing: /home/vboxuser/bumperbot_ws/install/bumperbot_planning/lib/python3.12/site-packages/bumperbot_planning-0.0.0-py3.12.egg-info/dependency_links.txt
-- Installing: /home/vboxuser/bumperbot_ws/install/bumperbot_planning/lib/python3.12/site-packages/bumperbot_planning-0.0.0-py3.12.egg-info/PKG-INFO
-- Installing: /home/vboxuser/bumperbot_ws/install/bumperbot_planning/lib/python3.12/site-packages/bumperbot_planning-0.0.0-py3.12.egg-info/SOURCES.txt
-- Installing: /home/vboxuser/bumperbot_ws/install/bumperbot_planning/lib/python3.12/site-packages/bumperbot_planning-0.0.0-py3.12.egg-info/top_level.txt
-- Installing: /home/vboxuser/bumperbot_ws/install/bumperbot_planning/lib/python3.12/site-packages/bumperbot_planning
-- Installing: /home/vboxuser/bumperbot_ws/install/bumperbot_planning/lib/python3.12/site-packages/bumperbot_planning/dijkstra.py
-- Installing: /home/vboxuser/bumperbot_ws/install/bumperbot_planning/lib/python3.12/site-packages/bumperbot_planning/__init__.py
Listing '/home/vboxuser/bumperbot_ws/install/bumperbot_planning/lib/python3.12/site-packages/bumperbot_planning'...
Compiling '/home/vboxuser/bumperbot_ws/install/bumperbot_planning/lib/python3.12/site-packages/bumperbot_planning/__init__.py'...
Compiling '/home/vboxuser/bumperbot_ws/install/bumperbot_planning/lib/python3.12/site-packages/bumperbot_planning/dijkstra.py'...
-- Installing: /home/vboxuser/bumperbot_ws/install/bumperbot_planning/lib/bumperbot_planning/dijkstra.py
-- Installing: /home/vboxuser/bumperbot_ws/install/bumperbot_planning/share/ament_index/resource_index/package_run_dependencies/bumperbot_planning
-- Up-to-date: /home/vboxuser/bumperbot_ws/install/bumperbot_planning/share/ament_index/resource_index/parent_prefix_path/bumperbot_planning
-- Up-to-date: /home/vboxuser/bumperbot_ws/install/bumperbot_planning/share/bumperbot_planning/environment/ament_prefix_path.sh
-- Up-to-date: /home/vboxuser/bumperbot_ws/install/bumperbot_planning/share/bumperbot_planning/environment/ament_prefix_path.dsv
-- Up-to-date: /home/vboxuser/bumperbot_ws/install/bumperbot_planning/share/bumperbot_planning/environment/path.sh
-- Up-to-date: /home/vboxuser/bumperbot_ws/install/bumperbot_planning/share/bumperbot_planning/environment/path.dsv
-- Up-to-date: /home/vboxuser/bumperbot_ws/install/bumperbot_planning/share/bumperbot_planning/local_setup.bash
-- Installing: /home/vboxuser/bumperbot_ws/install/bumperbot_planning/share/bumperbot_planning/local_setup.sh
-- Up-to-date: /home/vboxuser/bumperbot_ws/install/bumperbot_planning/share/bumperbot_planning/local_setup.zsh
-- Installing: /home/vboxuser/bumperbot_ws/install/bumperbot_planning/share/bumperbot_planning/local_setup.dsv
-- Installing: /home/vboxuser/bumperbot_ws/install/bumperbot_planning/share/bumperbot_planning/package.dsv
-- Up-to-date: /home/vboxuser/bumperbot_ws/install/bumperbot_planning/share/ament_index/resource_index/packages/bumperbot_planning
-- Up-to-date: /home/vboxuser/bumperbot_ws/install/bumperbot_planning/share/bumperbot_planning/cmake/bumperbot_planningConfig.cmake
-- Up-to-date: /home/vboxuser/bumperbot_ws/install/bumperbot_planning/share/bumperbot_planning/cmake/bumperbot_planningConfig-version.cmake
-- Installing: /home/vboxuser/bumperbot_ws/install/bumperbot_planning/share/bumperbot_planning/package.xml
