[  7%] Built target simple_parameter
[ 14%] Built target simple_subscriber
[ 17%] [32m[1mLinking CXX executable simple_service_server[0m
[ 21%] [32m[1mLinking CXX executable simple_tf_kinematics[0m
[ 28%] Built target simple_publisher
[ 32%] [32m[1mLinking CXX executable simple_service_client[0m
[ 39%] Built target simple_turtlesim_kinematics
[ 46%] Built target simple_lifecycle_node
[ 53%] Built target simple_qos_publisher
/home/vboxuser/bumperbot_ws/install/bumperbot_msgs/lib/libbumperbot_msgs__rosidl_typesupport_cpp.so: file not recognized: file format not recognized
[ 60%] Built target simple_qos_subscriber
collect2: error: ld returned 1 exit status
/home/vboxuser/bumperbot_ws/install/bumperbot_msgs/lib/libbumperbot_msgs__rosidl_typesupport_cpp.so: file not recognized: file format not recognized
collect2: error: ld returned 1 exit status
gmake[2]: *** [CMakeFiles/simple_service_client.dir/build.make:199: simple_service_client] Error 1
gmake[2]: *** [CMakeFiles/simple_service_server.dir/build.make:199: simple_service_server] Error 1
gmake[1]: *** [CMakeFiles/Makefile2:293: CMakeFiles/simple_service_client.dir/all] Error 2
gmake[1]: *** Waiting for unfinished jobs....
gmake[1]: *** [CMakeFiles/Makefile2:267: CMakeFiles/simple_service_server.dir/all] Error 2
/home/vboxuser/bumperbot_ws/install/bumperbot_msgs/lib/libbumperbot_msgs__rosidl_typesupport_cpp.so: file not recognized: file format not recognized
collect2: error: ld returned 1 exit status
gmake[2]: *** [CMakeFiles/simple_tf_kinematics.dir/build.make:216: simple_tf_kinematics] Error 1
gmake[1]: *** [CMakeFiles/Makefile2:319: CMakeFiles/simple_tf_kinematics.dir/all] Error 2
[ 67%] Built target simple_action_server_node
[ 71%] [32m[1mLinking CXX shared library libsimple_action_server.so[0m
[ 75%] [32m[1mLinking CXX shared library libsimple_action_client.so[0m
[ 82%] Built target simple_action_client_node
/home/vboxuser/bumperbot_ws/install/bumperbot_msgs/lib/libbumperbot_msgs__rosidl_typesupport_cpp.so: file not recognized: file format not recognized
collect2: error: ld returned 1 exit status
gmake[2]: *** [CMakeFiles/simple_action_server.dir/build.make:213: libsimple_action_server.so] Error 1
gmake[1]: *** [CMakeFiles/Makefile2:423: CMakeFiles/simple_action_server.dir/all] Error 2
/home/vboxuser/bumperbot_ws/install/bumperbot_msgs/lib/libbumperbot_msgs__rosidl_typesupport_cpp.so: file not recognized: file format not recognized
collect2: error: ld returned 1 exit status
gmake[2]: *** [CMakeFiles/simple_action_client.dir/build.make:213: libsimple_action_client.so] Error 1
gmake[1]: *** [CMakeFiles/Makefile2:475: CMakeFiles/simple_action_client.dir/all] Error 2
gmake: *** [Makefile:146: all] Error 2
