[0.042s] Invoking command in '/home/vboxuser/bumperbot_ws/build/bumperbot_firmware': CMAKE_PREFIX_PATH=${CMAKE_PREFIX_PATH}:/opt/ros/jazzy DEBUGINFOD_URLS=https://debuginfod.ubuntu.com /usr/bin/cmake --build /home/vboxuser/bumperbot_ws/build/bumperbot_firmware -- -j7 -l7
[0.332s] [  0%] Built target ament_cmake_python_copy_bumperbot_firmware
[0.435s] [ 33%] Built target simple_serial_transmitter
[0.445s] [ 66%] Built target bumperbot_firmware
[0.473s] [100%] Built target simple_serial_receiver
[0.639s] running egg_info
[0.657s] writing bumperbot_firmware.egg-info/PKG-INFO
[0.658s] writing dependency_links to bumperbot_firmware.egg-info/dependency_links.txt
[0.660s] writing top-level names to bumperbot_firmware.egg-info/top_level.txt
[0.722s] reading manifest file 'bumperbot_firmware.egg-info/SOURCES.txt'
[0.724s] writing manifest file 'bumperbot_firmware.egg-info/SOURCES.txt'
[0.777s] [100%] Built target ament_cmake_python_build_bumperbot_firmware_egg
[0.824s] Invoked command in '/home/vboxuser/bumperbot_ws/build/bumperbot_firmware' returned '0': CMAKE_PREFIX_PATH=${CMAKE_PREFIX_PATH}:/opt/ros/jazzy DEBUGINFOD_URLS=https://debuginfod.ubuntu.com /usr/bin/cmake --build /home/vboxuser/bumperbot_ws/build/bumperbot_firmware -- -j7 -l7
[0.826s] Invoking command in '/home/vboxuser/bumperbot_ws/build/bumperbot_firmware': CMAKE_PREFIX_PATH=${CMAKE_PREFIX_PATH}:/opt/ros/jazzy DEBUGINFOD_URLS=https://debuginfod.ubuntu.com /usr/bin/cmake --install /home/vboxuser/bumperbot_ws/build/bumperbot_firmware
[0.845s] -- Install configuration: ""
[0.845s] -- Up-to-date: /home/vboxuser/bumperbot_ws/install/bumperbot_firmware/share/bumperbot_firmware/environment/pythonpath.sh
[0.845s] -- Up-to-date: /home/vboxuser/bumperbot_ws/install/bumperbot_firmware/share/bumperbot_firmware/environment/pythonpath.dsv
[0.845s] -- Up-to-date: /home/vboxuser/bumperbot_ws/install/bumperbot_firmware/lib/python3.12/site-packages/bumperbot_firmware-0.0.0-py3.12.egg-info
[0.846s] -- Installing: /home/vboxuser/bumperbot_ws/install/bumperbot_firmware/lib/python3.12/site-packages/bumperbot_firmware-0.0.0-py3.12.egg-info/dependency_links.txt
[0.847s] -- Installing: /home/vboxuser/bumperbot_ws/install/bumperbot_firmware/lib/python3.12/site-packages/bumperbot_firmware-0.0.0-py3.12.egg-info/PKG-INFO
[0.853s] -- Installing: /home/vboxuser/bumperbot_ws/install/bumperbot_firmware/lib/python3.12/site-packages/bumperbot_firmware-0.0.0-py3.12.egg-info/SOURCES.txt
[0.853s] -- Installing: /home/vboxuser/bumperbot_ws/install/bumperbot_firmware/lib/python3.12/site-packages/bumperbot_firmware-0.0.0-py3.12.egg-info/top_level.txt
[0.853s] -- Up-to-date: /home/vboxuser/bumperbot_ws/install/bumperbot_firmware/lib/python3.12/site-packages/bumperbot_firmware
[0.853s] -- Up-to-date: /home/vboxuser/bumperbot_ws/install/bumperbot_firmware/lib/python3.12/site-packages/bumperbot_firmware/__init__.py
[0.853s] -- Up-to-date: /home/vboxuser/bumperbot_ws/install/bumperbot_firmware/lib/python3.12/site-packages/bumperbot_firmware/simple_serial_transmitter.py
[0.853s] -- Up-to-date: /home/vboxuser/bumperbot_ws/install/bumperbot_firmware/lib/python3.12/site-packages/bumperbot_firmware/simple_serial_receiver.py
[0.853s] -- Up-to-date: /home/vboxuser/bumperbot_ws/install/bumperbot_firmware/lib/python3.12/site-packages/bumperbot_firmware/mpu6050_driver.py
[0.951s] Listing '/home/vboxuser/bumperbot_ws/install/bumperbot_firmware/lib/python3.12/site-packages/bumperbot_firmware'...
[0.963s] -- Up-to-date: /home/vboxuser/bumperbot_ws/install/bumperbot_firmware/share/bumperbot_firmware/bumperbot_interface.xml
[0.966s] -- Up-to-date: /home/vboxuser/bumperbot_ws/install/bumperbot_firmware/lib/libbumperbot_firmware.so
[0.970s] -- Up-to-date: /home/vboxuser/bumperbot_ws/install/bumperbot_firmware/include/include
[0.972s] -- Up-to-date: /home/vboxuser/bumperbot_ws/install/bumperbot_firmware/include/include/bumperbot_firmware
[0.974s] -- Up-to-date: /home/vboxuser/bumperbot_ws/install/bumperbot_firmware/include/include/bumperbot_firmware/bumperbot_interface.hpp
[0.975s] -- Up-to-date: /home/vboxuser/bumperbot_ws/install/bumperbot_firmware/share/bumperbot_firmware/launch
[0.982s] -- Up-to-date: /home/vboxuser/bumperbot_ws/install/bumperbot_firmware/share/bumperbot_firmware/launch/hardware_interface.launch.py
[0.982s] -- Up-to-date: /home/vboxuser/bumperbot_ws/install/bumperbot_firmware/lib/bumperbot_firmware/simple_serial_transmitter.py
[0.983s] -- Up-to-date: /home/vboxuser/bumperbot_ws/install/bumperbot_firmware/lib/bumperbot_firmware/simple_serial_receiver.py
[0.983s] -- Up-to-date: /home/vboxuser/bumperbot_ws/install/bumperbot_firmware/lib/bumperbot_firmware/mpu6050_driver.py
[0.984s] -- Up-to-date: /home/vboxuser/bumperbot_ws/install/bumperbot_firmware/lib/bumperbot_firmware/simple_serial_receiver
[0.986s] -- Up-to-date: /home/vboxuser/bumperbot_ws/install/bumperbot_firmware/lib/bumperbot_firmware/simple_serial_transmitter
[0.987s] -- Up-to-date: /home/vboxuser/bumperbot_ws/install/bumperbot_firmware/share/bumperbot_firmware/environment/library_path.sh
[0.987s] -- Up-to-date: /home/vboxuser/bumperbot_ws/install/bumperbot_firmware/share/bumperbot_firmware/environment/library_path.dsv
[0.987s] -- Up-to-date: /home/vboxuser/bumperbot_ws/install/bumperbot_firmware/share/ament_index/resource_index/package_run_dependencies/bumperbot_firmware
[0.987s] -- Up-to-date: /home/vboxuser/bumperbot_ws/install/bumperbot_firmware/share/ament_index/resource_index/parent_prefix_path/bumperbot_firmware
[0.988s] -- Up-to-date: /home/vboxuser/bumperbot_ws/install/bumperbot_firmware/share/bumperbot_firmware/environment/ament_prefix_path.sh
[0.988s] -- Up-to-date: /home/vboxuser/bumperbot_ws/install/bumperbot_firmware/share/bumperbot_firmware/environment/ament_prefix_path.dsv
[0.988s] -- Up-to-date: /home/vboxuser/bumperbot_ws/install/bumperbot_firmware/share/bumperbot_firmware/environment/path.sh
[0.988s] -- Up-to-date: /home/vboxuser/bumperbot_ws/install/bumperbot_firmware/share/bumperbot_firmware/environment/path.dsv
[0.988s] -- Up-to-date: /home/vboxuser/bumperbot_ws/install/bumperbot_firmware/share/bumperbot_firmware/local_setup.bash
[0.988s] -- Up-to-date: /home/vboxuser/bumperbot_ws/install/bumperbot_firmware/share/bumperbot_firmware/local_setup.sh
[0.988s] -- Up-to-date: /home/vboxuser/bumperbot_ws/install/bumperbot_firmware/share/bumperbot_firmware/local_setup.zsh
[0.988s] -- Up-to-date: /home/vboxuser/bumperbot_ws/install/bumperbot_firmware/share/bumperbot_firmware/local_setup.dsv
[0.989s] -- Installing: /home/vboxuser/bumperbot_ws/install/bumperbot_firmware/share/bumperbot_firmware/package.dsv
[0.989s] -- Up-to-date: /home/vboxuser/bumperbot_ws/install/bumperbot_firmware/share/ament_index/resource_index/packages/bumperbot_firmware
[0.989s] -- Up-to-date: /home/vboxuser/bumperbot_ws/install/bumperbot_firmware/share/ament_index/resource_index/hardware_interface__pluginlib__plugin/bumperbot_firmware
[0.990s] -- Up-to-date: /home/vboxuser/bumperbot_ws/install/bumperbot_firmware/share/bumperbot_firmware/cmake/ament_cmake_export_include_directories-extras.cmake
[0.990s] -- Up-to-date: /home/vboxuser/bumperbot_ws/install/bumperbot_firmware/share/bumperbot_firmware/cmake/ament_cmake_export_libraries-extras.cmake
[0.990s] -- Up-to-date: /home/vboxuser/bumperbot_ws/install/bumperbot_firmware/share/bumperbot_firmware/cmake/ament_cmake_export_dependencies-extras.cmake
[0.990s] -- Up-to-date: /home/vboxuser/bumperbot_ws/install/bumperbot_firmware/share/bumperbot_firmware/cmake/bumperbot_firmwareConfig.cmake
[0.990s] -- Up-to-date: /home/vboxuser/bumperbot_ws/install/bumperbot_firmware/share/bumperbot_firmware/cmake/bumperbot_firmwareConfig-version.cmake
[0.990s] -- Up-to-date: /home/vboxuser/bumperbot_ws/install/bumperbot_firmware/share/bumperbot_firmware/package.xml
[1.152s] Invoked command in '/home/vboxuser/bumperbot_ws/build/bumperbot_firmware' returned '0': CMAKE_PREFIX_PATH=${CMAKE_PREFIX_PATH}:/opt/ros/jazzy DEBUGINFOD_URLS=https://debuginfod.ubuntu.com /usr/bin/cmake --install /home/vboxuser/bumperbot_ws/build/bumperbot_firmware
